
> webmpv@0.2.0 test:api
> node tests/player-api.mjs

results/player-api/functional-2026-09-10T02-46-10.461Z
PASS exactly three modes and native default
PASS native local playback loads no Wasm
PASS native text tracks and capability rejection
PASS hybrid actual retained frames and subtitles
PASS hybrid idle polling wakes for seek and resume
PASS hybrid audio timing survives delayed worker initialization
PASS hybrid seeks beyond the diagnostic sample budget
PASS hybrid letterboxes and redraws without stretching
PASS destroy cancels the current native text-track request
PASS new source resets numeric subtitle and audio selections
PASS software expanded decode and filters
PASS explicit mode changes preserve playback state
PASS filter reopens preserve state and reject leaving software
PASS invalid filter rolls back to old playback
PASS native unsupported request policy rolls back
PASS unsupported hybrid source rolls back without a fourth mode
PASS native remote playback
PASS source replacement resets position and preserves controls
PASS destroy interrupts native candidate load
PASS explicit mode change recovers a terminated backend
PASS queued changes and destroy release all workers
