✔ PCM ring wraps and handles actual output quantum length (1.618459ms)
✔ underrun silence never advances media consumption (0.652708ms)
✔ pause and generation reset suppress queued stale PCM (0.815416ms)
✔ closed output processor releases its processing lifetime (0.309375ms)
✔ eight pending inputs apply backpressure before the ninth packet (2.784292ms)
✔ copy-back preserves timestamp/color and closes its source exactly once (0.591792ms)
✔ stale copy completion cannot publish into a replacement request (0.451ms)
✔ reset closes queued frames and rejects late generation output (0.517292ms)
✔ EOF waits for queued output; close releases each remaining frame (0.454833ms)
✔ close preempts an unfinished copy and closes its frame immediately (0.408709ms)
✔ a request published immediately after acknowledgment runs without another notification (3.8855ms)
✔ 64-bit positions and bounded LRU (125.12925ms)
✔ unaligned misses start at the requested byte and inner reads reuse the bounded window (3.762459ms)
✔ reject ignore-range (2.972167ms)
✔ reject bad-range (2.44725ms)
✔ reject encoded (3.185916ms)
✔ reject forbidden (1.760208ms)
✔ representation changes are terminal (5.839291ms)
✔ recover truncate without false EOF (86.677166ms)
✔ recover retry without false EOF (273.526542ms)
✔ 401 renewal and default redirect rejection (4272.196583ms)
✔ supersede blocked read and reuse source; close cancels (138.091833ms)
✔ ordinary 200 resource, relative URL, bounded reads and close accounting (12.869125ms)
✔ explicit range preserves absolute resource offsets and total size (0.698542ms)
✔ requested ranges reject 200, malformed ranges and changed lengths (0.741209ms)
✔ origin, protocol, embedded credentials and URL length are checked before fetch (0.761334ms)
✔ nested authorization refresh receives resource URL and updates only that request (1.075834ms)
✔ refresh cannot redirect credentials to an unapproved origin (0.347167ms)
✔ bounded transient HTTP retry and truncation recovery (306.847916ms)
✔ unknown-length bodies cannot exceed media resource cap (3.524625ms)
✔ aggregate retention limit is enforced across handles and reclaimed on close (12.900542ms)
✔ handle count is bounded independently of body size (3.807709ms)
✔ destroy cancels pending authorization and rejects stale completion (0.495ms)
✔ epoch cancellation discards a response even if transport ignores abort (0.373041ms)
✔ manifest admission rejects live, encrypted and adaptive HLS (0.826291ms)
✔ DASH admission accepts fixed static and rejects live, adaptive, entities and multiple periods (1.050125ms)
✔ HLS subtitle policy admits one full-timeline resource and rejects segmented subtitles (0.895917ms)
✔ fixed HLS discontinuities remain native timeline input (0.079167ms)
✔ DASH timeline and template resource counts are bounded (0.309625ms)
✔ 16:9 video is centered inside 4:3 canvas (0.770959ms)
✔ anamorphic pixels use the demux sample aspect ratio (0.154291ms)
✔ rotated video fits the canvas and restores subtitle coordinates (0.124ms)
✔ unchanged observations do not repeatedly wake the engine worker (0.745458ms)
✔ changed latency and AudioContext state are delivered immediately (0.125458ms)
✔ post-initialization handoff republishes state even if an early message was ignored (0.083708ms)
✔ destroyed players ignore even a forced late timing observation (0.055958ms)
ℹ tests 46
ℹ suites 0
ℹ pass 46
ℹ fail 0
ℹ cancelled 0
ℹ skipped 0
ℹ todo 0
ℹ duration_ms 5330.18725
