results/playback-performance/2026-09-08T17-40-19.506Z
1/8 baseline warmup: 6s
1/8 baseline measurement: 12s
1/8 baseline paused idle: 2s
baseline {"renderMs":4.794999957084656,"copyMs":0,"cpuPercent":15.535665147119767,"elapsed":12.065,"frames":360,"position":12.066666666666666,"dropOrErrorDelta":0,"rssMean":1224357595.4285715,"churn":[],"pausedCpuPercent":2.0921656686626826}
2/8 candidate warmup: 6s
2/8 candidate measurement: 12s
2/8 candidate paused idle: 2s
candidate {"renderMs":4.680000022053719,"copyMs":0,"cpuPercent":16.116445403252573,"elapsed":12.052,"frames":359,"position":12.066666666666666,"dropOrErrorDelta":0,"rssMean":1216448804.5714285,"churn":[],"pausedCpuPercent":1.7668996505242}
3/8 candidate warmup: 6s
3/8 candidate measurement: 12s
3/8 candidate paused idle: 2s
candidate {"renderMs":4.600000012665987,"copyMs":0,"cpuPercent":14.522664675626348,"elapsed":12.054,"frames":360,"position":12.066666666666666,"dropOrErrorDelta":0,"rssMean":1196717787.4285715,"churn":[],"pausedCpuPercent":2.135396904643068}
4/8 baseline warmup: 6s
4/8 baseline measurement: 12s
4/8 baseline paused idle: 2s
baseline {"renderMs":4.485000032931566,"copyMs":0,"cpuPercent":14.88020409856467,"elapsed":12.053,"frames":364,"position":12.066666666666666,"dropOrErrorDelta":0,"rssMean":1172820553.142857,"churn":[],"pausedCpuPercent":1.7737393909136006}
5/8 baseline warmup: 6s
5/8 baseline measurement: 12s
5/8 baseline paused idle: 2s
baseline {"renderMs":4.249999959021807,"copyMs":0,"cpuPercent":14.648232365145224,"elapsed":12.05,"frames":359,"position":12.066666666666666,"dropOrErrorDelta":0,"rssMean":1191184676.5714285,"churn":[],"pausedCpuPercent":1.982775836245583}
6/8 candidate warmup: 6s
6/8 candidate measurement: 12s
6/8 candidate paused idle: 2s
candidate {"renderMs":4.519999988377094,"copyMs":0,"cpuPercent":14.896597510373427,"elapsed":12.05,"frames":358,"position":12.033333333333335,"dropOrErrorDelta":0,"rssMean":1191816630.857143,"churn":[],"pausedCpuPercent":2.7191308691307836}
7/8 candidate warmup: 6s
7/8 candidate measurement: 12s
7/8 candidate paused idle: 2s
candidate {"renderMs":4.865000028163195,"copyMs":0,"cpuPercent":16.053961012028196,"elapsed":12.055,"frames":359,"position":12.066666666666666,"dropOrErrorDelta":0,"rssMean":1195648146.2857144,"churn":[],"pausedCpuPercent":1.1871628371628562}
8/8 baseline warmup: 6s
8/8 baseline measurement: 12s
8/8 baseline paused idle: 2s
baseline {"renderMs":4.480000026524067,"copyMs":0,"cpuPercent":15.554665339636713,"elapsed":12.057,"frames":359,"position":12.066666666666666,"dropOrErrorDelta":0,"rssMean":1187657435.4285715,"churn":[],"pausedCpuPercent":1.9453320019970217}
