results/playback-performance/2026-09-08T18-07-20.154Z
1/4 baseline prewarm: 30s
1/4 baseline warmup: 10s
1/4 baseline measurement: 60s
baseline measured 25/60s
baseline measured 55/60s
1/4 baseline paused idle: 2s
baseline {"renderMs":35.43500007688999,"copyMs":0,"cpuPercent":18.982182639154036,"elapsed":60.239,"frames":1809,"position":60.26666666666668,"dropOrErrorDelta":0,"rssMean":957978781.5384616,"churn":[],"pausedCpuPercent":4.327309036445401}
2/4 candidate prewarm: 30s
2/4 candidate warmup: 10s
2/4 candidate measurement: 60s
candidate measured 25/60s
candidate measured 55/60s
2/4 candidate paused idle: 2s
candidate {"renderMs":42.06500005722046,"copyMs":0,"cpuPercent":24.87859953184919,"elapsed":60.237,"frames":1807,"position":60.26666666666665,"dropOrErrorDelta":0,"rssMean":940827254.1538461,"churn":[],"pausedCpuPercent":3.580847880299165}
3/4 candidate prewarm: 30s
3/4 candidate warmup: 10s
3/4 candidate measurement: 60s
candidate measured 25/60s
candidate measured 55/60s
3/4 candidate paused idle: 2s
candidate {"renderMs":17.09500002488494,"copyMs":0,"cpuPercent":12.034115025113923,"elapsed":60.126,"frames":1805,"position":60.133333333333326,"dropOrErrorDelta":0,"rssMean":1162546884.9230769,"churn":[],"pausedCpuPercent":1.3217673489764232}
4/4 baseline prewarm: 30s
4/4 baseline warmup: 10s
4/4 baseline measurement: 60s
baseline measured 25/60s
baseline measured 55/60s
4/4 baseline paused idle: 2s
baseline {"renderMs":22.849999897181988,"copyMs":0,"cpuPercent":14.627652920333368,"elapsed":60.113,"frames":1803,"position":60.133333333333326,"dropOrErrorDelta":0,"rssMean":1052951788.3076923,"churn":[],"pausedCpuPercent":2.3951097804390296}
