results/playback-performance/2026-09-08T19-29-31.681Z
1/8 baseline prewarm: 10s
1/8 baseline warmup: 6s
1/8 baseline measurement: 30s
baseline measured 25/30s
1/8 baseline paused idle: 2s
baseline {"renderMs":23.78499998524785,"copyMs":0,"cpuPercent":28.189764354463986,"elapsed":30.13,"frames":905,"position":30.133333333333326,"dropOrErrorDelta":0,"rssMean":1324454473.142857,"churn":[],"audioUnderrunDelta":0,"pausedCpuPercent":1.8884615384615555}
2/8 candidate prewarm: 10s
2/8 candidate warmup: 6s
2/8 candidate measurement: 30s
candidate measured 25/30s
2/8 candidate paused idle: 2s
candidate {"renderMs":28.60000005736947,"copyMs":0,"cpuPercent":36.55086407444334,"elapsed":30.09,"frames":904,"position":30.100000000000023,"dropOrErrorDelta":0,"rssMean":1371705929.142857,"churn":[],"audioUnderrunDelta":0,"pausedCpuPercent":6.304441117764462}
3/8 candidate prewarm: 10s
3/8 candidate warmup: 6s
3/8 candidate measurement: 30s
candidate measured 25/30s
3/8 candidate paused idle: 2s
candidate {"renderMs":19.985000003129244,"copyMs":0,"cpuPercent":24.909919196621562,"elapsed":30.073,"frames":897,"position":30.066666666666663,"dropOrErrorDelta":0,"rssMean":1294481115.4285715,"churn":[],"audioUnderrunDelta":0,"pausedCpuPercent":1.8957563654518943}
4/8 baseline prewarm: 10s
4/8 baseline warmup: 6s
4/8 baseline measurement: 30s
baseline measured 25/30s
4/8 baseline paused idle: 2s
baseline {"renderMs":9.144999951124191,"copyMs":0,"cpuPercent":12.688072814403148,"elapsed":30.049,"frames":898,"position":30.066666666666663,"dropOrErrorDelta":0,"rssMean":1183760384,"churn":[],"audioUnderrunDelta":0,"pausedCpuPercent":3.3234648027956433}
5/8 baseline prewarm: 10s
5/8 baseline warmup: 6s
5/8 baseline measurement: 30s
baseline measured 25/30s
5/8 baseline paused idle: 2s
baseline {"renderMs":11.970000110566616,"copyMs":0,"cpuPercent":14.252538594623365,"elapsed":30.056,"frames":900,"position":30.066666666666663,"dropOrErrorDelta":0,"rssMean":1123390025.142857,"churn":[],"audioUnderrunDelta":0,"pausedCpuPercent":1.9382426360460028}
6/8 candidate prewarm: 10s
6/8 candidate warmup: 6s
6/8 candidate measurement: 30s
candidate measured 25/30s
6/8 candidate paused idle: 2s
candidate {"renderMs":10.185000043362379,"copyMs":0,"cpuPercent":14.381926468141751,"elapsed":30.055,"frames":897,"position":30.066666666666663,"dropOrErrorDelta":0,"rssMean":1212200667.4285715,"churn":[],"audioUnderrunDelta":0,"pausedCpuPercent":2.4104842735895367}
7/8 candidate prewarm: 10s
7/8 candidate warmup: 6s
7/8 candidate measurement: 30s
candidate measured 25/30s
7/8 candidate paused idle: 2s
candidate {"renderMs":11.694999940693378,"copyMs":0,"cpuPercent":14.93411079687239,"elapsed":30.055,"frames":899,"position":30.066666666666663,"dropOrErrorDelta":0,"rssMean":1034448310.8571428,"churn":[],"audioUnderrunDelta":0,"pausedCpuPercent":3.8801298052921345}
8/8 baseline prewarm: 10s
8/8 baseline warmup: 6s
8/8 baseline measurement: 30s
baseline measured 25/30s
8/8 baseline paused idle: 2s
baseline {"renderMs":17.75000000372529,"copyMs":0,"cpuPercent":17.833753115135387,"elapsed":30.095,"frames":902,"position":30.099999999999994,"dropOrErrorDelta":0,"rssMean":910018852.5714285,"churn":[],"audioUnderrunDelta":0,"pausedCpuPercent":3.502945581627065}
