results/playback-performance/2026-09-08T19-06-41.935Z
1/12 native prewarm: 30s
1/12 native warmup: 10s
1/12 native measurement: 60s
native measured 25/60s
native measured 55/60s
1/12 native paused idle: 2s
native {"renderMs":0,"copyMs":0,"cpuPercent":4.9084267799084325,"elapsed":60.284,"frames":1808,"position":60.297515000000004,"dropOrErrorDelta":0,"rssMean":911992674.4615384,"churn":[],"pausedCpuPercent":1.1274362818590773}
2/12 baseline prewarm: 30s
2/12 baseline warmup: 10s
2/12 baseline measurement: 60s
baseline measured 25/60s
baseline measured 55/60s
2/12 baseline paused idle: 2s
baseline {"renderMs":35.94999994710088,"copyMs":0,"cpuPercent":18.638035628310064,"elapsed":60.233,"frames":1808,"position":60.23333333333335,"dropOrErrorDelta":0,"rssMean":835604164.9230769,"churn":[],"audioUnderrunDelta":0,"pausedCpuPercent":5.086447433981083}
3/12 candidate prewarm: 30s
3/12 candidate warmup: 10s
3/12 candidate measurement: 60s
candidate measured 25/60s
candidate measured 55/60s
3/12 candidate paused idle: 2s
candidate {"renderMs":41.835000082850456,"copyMs":0,"cpuPercent":21.178512697493588,"elapsed":60.445,"frames":1813,"position":60.43333333333334,"dropOrErrorDelta":0,"rssMean":834503916.3076923,"churn":[],"audioUnderrunDelta":0,"pausedCpuPercent":3.9602794411176854}
4/12 candidate prewarm: 30s
4/12 candidate warmup: 10s
4/12 candidate measurement: 60s
candidate measured 25/60s
candidate measured 55/60s
4/12 candidate paused idle: 2s
candidate {"renderMs":35.24999986961484,"copyMs":0,"cpuPercent":18.5773399750934,"elapsed":60.225,"frames":1809,"position":60.23333333333332,"dropOrErrorDelta":0,"rssMean":837400103.3846154,"churn":[],"audioUnderrunDelta":0,"pausedCpuPercent":3.4000998003989924}
5/12 baseline prewarm: 30s
5/12 baseline warmup: 10s
5/12 baseline measurement: 60s
baseline measured 25/60s
baseline measured 55/60s
5/12 baseline paused idle: 2s
baseline {"renderMs":37.23500004783273,"copyMs":0,"cpuPercent":19.871012015400954,"elapsed":60.256,"frames":1802,"position":60.23333333333332,"dropOrErrorDelta":0,"rssMean":862505432.6153846,"churn":[],"audioUnderrunDelta":0,"pausedCpuPercent":4.055938123752304}
6/12 native prewarm: 30s
6/12 native warmup: 10s
6/12 native measurement: 60s
native measured 25/60s
native measured 55/60s
6/12 native paused idle: 2s
native {"renderMs":0,"copyMs":0,"cpuPercent":6.455204251079377,"elapsed":60.22,"frames":1807,"position":60.30139700000001,"dropOrErrorDelta":0,"rssMean":786708007.3846154,"churn":[],"pausedCpuPercent":1.0140289565653502}
7/12 native prewarm: 30s
7/12 native warmup: 10s
7/12 native measurement: 60s
native measured 25/60s
native measured 55/60s
7/12 native paused idle: 2s
native {"renderMs":0,"copyMs":0,"cpuPercent":7.380144734653133,"elapsed":60.11,"frames":1803,"position":60.29955899999999,"dropOrErrorDelta":0,"rssMean":936317873.2307693,"churn":[],"pausedCpuPercent":1.0446330504240169}
8/12 baseline prewarm: 30s
8/12 baseline warmup: 10s
8/12 baseline measurement: 60s
baseline measured 25/60s
baseline measured 55/60s
8/12 baseline paused idle: 2s
baseline {"renderMs":29.030000045895576,"copyMs":0,"cpuPercent":18.988653791772723,"elapsed":60.117,"frames":1804,"position":60.10000000000002,"dropOrErrorDelta":0,"rssMean":1060217462.1538461,"churn":[],"audioUnderrunDelta":0,"pausedCpuPercent":2.1667666166914037}
9/12 candidate prewarm: 30s
9/12 candidate warmup: 10s
9/12 candidate measurement: 60s
candidate measured 25/60s
candidate measured 55/60s
9/12 candidate paused idle: 2s
candidate {"renderMs":30.490000028163195,"copyMs":0,"cpuPercent":18.144785469773016,"elapsed":60.178,"frames":1805,"position":60.19999999999999,"dropOrErrorDelta":0,"rssMean":840439965.5384616,"churn":[],"audioUnderrunDelta":0,"pausedCpuPercent":2.8495009980036285}
10/12 candidate prewarm: 30s
10/12 candidate warmup: 10s
10/12 candidate measurement: 60s
candidate measured 25/60s
candidate measured 55/60s
10/12 candidate paused idle: 2s
candidate {"renderMs":34.59500002861023,"copyMs":0,"cpuPercent":20.738636552630297,"elapsed":60.127,"frames":1808,"position":60.133333333333326,"dropOrErrorDelta":0,"rssMean":1036706422.1538461,"churn":[],"audioUnderrunDelta":0,"pausedCpuPercent":2.99175824175851}
11/12 baseline prewarm: 30s
11/12 baseline warmup: 10s
11/12 baseline measurement: 60s
baseline measured 25/60s
baseline measured 55/60s
11/12 baseline paused idle: 2s
baseline {"renderMs":28.739999882876873,"copyMs":0,"cpuPercent":17.507590265310178,"elapsed":60.156,"frames":1802,"position":60.166666666666686,"dropOrErrorDelta":0,"rssMean":1110947367.3846154,"churn":[],"audioUnderrunDelta":0,"pausedCpuPercent":2.7988017973037667}
12/12 native prewarm: 30s
12/12 native warmup: 10s
12/12 native measurement: 60s
native measured 25/60s
native measured 55/60s
12/12 native paused idle: 2s
native {"renderMs":0,"copyMs":0,"cpuPercent":5.8180935275726835,"elapsed":60.132,"frames":1803,"position":60.29955100000001,"dropOrErrorDelta":0,"rssMean":923146397.5384616,"churn":[],"pausedCpuPercent":1.3651197604790062}
