✔ PCM ring wraps and handles actual output quantum length (1.223375ms)
✔ underrun silence never advances media consumption (0.640166ms)
✔ pause and generation reset suppress queued stale PCM (0.750042ms)
✔ closed output processor releases its processing lifetime (0.300833ms)
✔ eight pending inputs apply backpressure before the ninth packet (2.58925ms)
✔ copy-back preserves timestamp/color and closes its source exactly once (0.584792ms)
✔ stale copy completion cannot publish into a replacement request (0.450291ms)
✔ reset closes queued frames and rejects late generation output (0.457542ms)
✔ EOF waits for queued output; close releases each remaining frame (0.442833ms)
✔ close preempts an unfinished copy and closes its frame immediately (0.415583ms)
✔ a request published immediately after acknowledgment runs without another notification (3.805959ms)
✔ 64-bit positions and bounded LRU (114.464166ms)
✔ unaligned misses start at the requested byte and inner reads reuse the bounded window (3.787333ms)
✔ reject ignore-range (3.420917ms)
✔ reject bad-range (2.562625ms)
✔ reject encoded (3.530209ms)
✔ reject forbidden (2.3095ms)
✔ representation changes are terminal (4.889083ms)
✔ recover truncate without false EOF (74.138708ms)
✔ recover retry without false EOF (241.324959ms)
✔ 401 renewal and default redirect rejection (4189.133583ms)
✔ supersede blocked read and reuse source; close cancels (115.074709ms)
✔ ordinary 200 resource, relative URL, bounded reads and close accounting (12.194416ms)
✔ explicit range preserves absolute resource offsets and total size (0.703959ms)
✔ requested ranges reject 200, malformed ranges and changed lengths (0.746ms)
✔ origin, protocol, embedded credentials and URL length are checked before fetch (0.453458ms)
✔ nested authorization refresh receives resource URL and updates only that request (1.0505ms)
✔ refresh cannot redirect credentials to an unapproved origin (0.350917ms)
✔ bounded transient HTTP retry and truncation recovery (305.296083ms)
✔ unknown-length bodies cannot exceed media resource cap (2.315916ms)
✔ aggregate retention limit is enforced across handles and reclaimed on close (8.979625ms)
✔ handle count is bounded independently of body size (1.472459ms)
✔ destroy cancels pending authorization and rejects stale completion (0.343791ms)
✔ epoch cancellation discards a response even if transport ignores abort (0.33075ms)
✔ manifest admission rejects live, encrypted and adaptive HLS (1.092167ms)
✔ DASH admission accepts fixed static and rejects live, adaptive, entities and multiple periods (0.812083ms)
✔ HLS subtitle policy admits one full-timeline resource and rejects segmented subtitles (2.072166ms)
✔ fixed HLS discontinuities remain native timeline input (0.075792ms)
✔ DASH timeline and template resource counts are bounded (0.259292ms)
✔ 16:9 video is centered inside 4:3 canvas (0.751209ms)
✔ anamorphic pixels use the demux sample aspect ratio (0.13175ms)
✔ rotated video fits the canvas and restores subtitle coordinates (0.120334ms)
✔ unchanged observations do not repeatedly wake the engine worker (0.777375ms)
✔ changed latency and AudioContext state are delivered immediately (0.147959ms)
✔ post-initialization handoff republishes state even if an early message was ignored (0.086458ms)
ℹ tests 45
ℹ suites 0
ℹ pass 45
ℹ fail 0
ℹ cancelled 0
ℹ skipped 0
ℹ todo 0
ℹ duration_ms 5175.472209
