emcc: warning: -pthread + ALLOW_MEMORY_GROWTH may run non-wasm code slowly, see https://github.com/WebAssembly/design/issues/1271 [-Wpthreads-mem-growth]
cache:INFO: generating system library: sysroot/lib/wasm32-emscripten/thinlto/libstubs.a... (this will be cached in "/Volumes/seed2/Projects/webmpv/build/emsdk-4.0.14/upstream/emscripten/cache/sysroot/lib/wasm32-emscripten/thinlto/libstubs.a" for subsequent builds)
system_libs:INFO: compiled 2 inputs in 0.70s
cache:INFO:  - ok
cache:INFO: generating system library: sysroot/lib/wasm32-emscripten/thinlto/libnoexit.a... (this will be cached in "/Volumes/seed2/Projects/webmpv/build/emsdk-4.0.14/upstream/emscripten/cache/sysroot/lib/wasm32-emscripten/thinlto/libnoexit.a" for subsequent builds)
system_libs:INFO: compiled 1 inputs in 0.15s
cache:INFO:  - ok
cache:INFO: generating system library: sysroot/lib/wasm32-emscripten/thinlto/libc-mt.a... (this will be cached in "/Volumes/seed2/Projects/webmpv/build/emsdk-4.0.14/upstream/emscripten/cache/sysroot/lib/wasm32-emscripten/thinlto/libc-mt.a" for subsequent builds)
system_libs:INFO: compiled 1130 inputs in 11.39s
cache:INFO:  - ok
cache:INFO: generating system library: sysroot/lib/wasm32-emscripten/thinlto/libdlmalloc-mt.a... (this will be cached in "/Volumes/seed2/Projects/webmpv/build/emsdk-4.0.14/upstream/emscripten/cache/sysroot/lib/wasm32-emscripten/thinlto/libdlmalloc-mt.a" for subsequent builds)
system_libs:INFO: compiled 2 inputs in 0.49s
cache:INFO:  - ok
cache:INFO: generating system library: sysroot/lib/wasm32-emscripten/thinlto/libc++-mt-noexcept.a... (this will be cached in "/Volumes/seed2/Projects/webmpv/build/emsdk-4.0.14/upstream/emscripten/cache/sysroot/lib/wasm32-emscripten/thinlto/libc++-mt-noexcept.a" for subsequent builds)
system_libs:INFO: compiled 56 inputs in 7.17s
cache:INFO:  - ok
cache:INFO: generating system library: sysroot/lib/wasm32-emscripten/thinlto/libc++abi-mt-noexcept.a... (this will be cached in "/Volumes/seed2/Projects/webmpv/build/emsdk-4.0.14/upstream/emscripten/cache/sysroot/lib/wasm32-emscripten/thinlto/libc++abi-mt-noexcept.a" for subsequent builds)
system_libs:INFO: compiled 16 inputs in 1.31s
cache:INFO:  - ok
cache:INFO: generating system library: sysroot/lib/wasm32-emscripten/thinlto/libwasmfs-mt.a... (this will be cached in "/Volumes/seed2/Projects/webmpv/build/emsdk-4.0.14/upstream/emscripten/cache/sysroot/lib/wasm32-emscripten/thinlto/libwasmfs-mt.a" for subsequent builds)
system_libs:INFO: compiled 15 inputs in 3.07s
cache:INFO:  - ok
