results/playback-performance/2026-09-08T17-44-30.311Z
1/8 baseline warmup: 6s
1/8 baseline measurement: 12s
1/8 baseline paused idle: 2s
baseline {"renderMs":729.0249999687076,"copyMs":647.0600000470877,"cpuPercent":43.227206309672056,"elapsed":12.045,"frames":361,"position":12.066666666666666,"dropOrErrorDelta":0,"rssMean":1385957668.5714285,"churn":[],"pausedCpuPercent":1.688067898152762}
candidate TimeoutError: page.waitForFunction: Timeout 5000ms exceeded.
candidate TimeoutError: page.waitForFunction: Timeout 5000ms exceeded.
4/8 baseline warmup: 6s
4/8 baseline measurement: 12s
4/8 baseline paused idle: 2s
baseline {"renderMs":743.1600000075996,"copyMs":657.6899999417365,"cpuPercent":43.15489333444009,"elapsed":12.047,"frames":366,"position":12.033333333333333,"dropOrErrorDelta":0,"rssMean":1181131922.2857144,"churn":[],"pausedCpuPercent":1.8645708582834364}
5/8 baseline warmup: 6s
5/8 baseline measurement: 12s
5/8 baseline paused idle: 2s
baseline {"renderMs":745.6799999959767,"copyMs":656.6650000214577,"cpuPercent":44.70646848791831,"elapsed":12.043,"frames":361,"position":12.066666666666666,"dropOrErrorDelta":0,"rssMean":1136909165.7142856,"churn":[],"pausedCpuPercent":1.7945554445554575}
candidate TimeoutError: page.waitForFunction: Timeout 5000ms exceeded.
candidate TimeoutError: page.waitForFunction: Timeout 5000ms exceeded.
8/8 baseline warmup: 6s
8/8 baseline measurement: 12s
8/8 baseline paused idle: 2s
baseline {"renderMs":775.35499997437,"copyMs":684.8300000056624,"cpuPercent":45.12530100473307,"elapsed":12.043,"frames":367,"position":12.066666666666666,"dropOrErrorDelta":0,"rssMean":1253462601.142857,"churn":[],"pausedCpuPercent":6.209495252373843}
