results/playback-performance/2026-09-08T17-54-29.996Z
1/4 baseline prewarm: 30s
1/4 baseline warmup: 10s
1/4 baseline measurement: 90s
baseline measured 25/90s
baseline measured 55/90s
baseline measured 85/90s
1/4 baseline paused idle: 2s
baseline {"renderMs":7225.790000077337,"copyMs":6180.39999993518,"cpuPercent":52.47089377062248,"elapsed":90.314,"frames":2709,"position":90.33333333333334,"dropOrErrorDelta":0,"rssMean":922417475.3684211,"churn":[],"pausedCpuPercent":2.656315526710017}
2/4 candidate prewarm: 30s
2/4 candidate warmup: 10s
2/4 candidate measurement: 90s
candidate measured 25/90s
candidate measured 55/90s
candidate measured 85/90s
2/4 candidate paused idle: 2s
candidate {"renderMs":7131.729999918491,"copyMs":3603.005000203848,"cpuPercent":48.94058863261394,"elapsed":90.311,"frames":2711,"position":90.33333333333334,"dropOrErrorDelta":0,"rssMean":951870733.4736842,"churn":[],"pausedCpuPercent":2.027944111776556}
3/4 candidate prewarm: 30s
3/4 candidate warmup: 10s
3/4 candidate measurement: 90s
candidate measured 25/90s
candidate measured 55/90s
candidate measured 85/90s
3/4 candidate paused idle: 2s
candidate {"renderMs":8792.709999896586,"copyMs":4039.6750001087785,"cpuPercent":56.542587732411995,"elapsed":90.303,"frames":2708,"position":90.33333333333334,"dropOrErrorDelta":0,"rssMean":966300725.8947369,"churn":[],"pausedCpuPercent":3.2356786427150523}
4/4 baseline prewarm: 30s
4/4 baseline warmup: 10s
4/4 baseline measurement: 90s
baseline measured 25/90s
baseline measured 56/90s
baseline measured 86/90s
4/4 baseline paused idle: 2s
baseline {"renderMs":5836.750000059605,"copyMs":5111.480000030249,"cpuPercent":43.46639223206804,"elapsed":90.732,"frames":2723,"position":90.73333333333332,"dropOrErrorDelta":0,"rssMean":989933352.4210526,"churn":[],"pausedCpuPercent":1.922915626560032}
