results/playback-performance/2026-09-08T17-49-22.858Z
1/8 baseline warmup: 6s
1/8 baseline measurement: 12s
1/8 baseline paused idle: 2s
baseline {"renderMs":749.359999962151,"copyMs":667.1599999964237,"cpuPercent":45.32201477055846,"elapsed":12.051,"frames":360,"position":12.033333333333333,"dropOrErrorDelta":0,"rssMean":1386833042.2857144,"churn":[],"pausedCpuPercent":1.7185721417873514}
2/8 candidate warmup: 6s
2/8 candidate measurement: 12s
2/8 candidate paused idle: 2s
candidate {"renderMs":763.840000052005,"copyMs":453.99500001221895,"cpuPercent":45.4644398340249,"elapsed":12.05,"frames":367,"position":12.033333333333333,"dropOrErrorDelta":0,"rssMean":1435982701.7142856,"churn":[],"pausedCpuPercent":2.7928571428571707}
3/8 candidate warmup: 6s
3/8 candidate measurement: 12s
3/8 candidate paused idle: 2s
candidate {"renderMs":734.3649999834597,"copyMs":431.385000012815,"cpuPercent":42.44235655567552,"elapsed":12.043,"frames":366,"position":12.033333333333333,"dropOrErrorDelta":0,"rssMean":1232352987.4285715,"churn":[],"pausedCpuPercent":2.4385421867198254}
4/8 baseline warmup: 6s
4/8 baseline measurement: 12s
4/8 baseline paused idle: 2s
baseline {"renderMs":748.1950000040233,"copyMs":668.8050000034273,"cpuPercent":44.93388141504733,"elapsed":12.042,"frames":367,"position":12.033333333333335,"dropOrErrorDelta":0,"rssMean":1231105462.857143,"churn":[],"pausedCpuPercent":2.2188905547225883}
5/8 baseline warmup: 6s
5/8 baseline measurement: 12s
5/8 baseline paused idle: 2s
baseline {"renderMs":744.7899999767542,"copyMs":658.5250000283122,"cpuPercent":44.77281029472812,"elapsed":12.045,"frames":361,"position":12.066666666666666,"dropOrErrorDelta":0,"rssMean":1237017746.2857144,"churn":[],"pausedCpuPercent":2.1579920079917554}
6/8 candidate warmup: 6s
6/8 candidate measurement: 12s
6/8 candidate paused idle: 2s
candidate {"renderMs":790.9999999850988,"copyMs":449.74000001326203,"cpuPercent":45.724431346505085,"elapsed":12.046,"frames":366,"position":12.066666666666666,"dropOrErrorDelta":0,"rssMean":1242595328,"churn":[],"pausedCpuPercent":3.0959040959042317}
7/8 candidate warmup: 6s
7/8 candidate measurement: 12s
7/8 candidate paused idle: 2s
candidate {"renderMs":767.7400000244379,"copyMs":446.88500003516674,"cpuPercent":45.25452357237722,"elapsed":12.048,"frames":360,"position":12.033333333333333,"dropOrErrorDelta":0,"rssMean":1269685101.7142856,"churn":[],"pausedCpuPercent":3.0535000000000383}
8/8 baseline warmup: 6s
8/8 baseline measurement: 12s
8/8 baseline paused idle: 2s
baseline {"renderMs":809.0100000426173,"copyMs":730.2049999982119,"cpuPercent":50.21911240149311,"elapsed":12.055,"frames":360,"position":12.066666666666666,"dropOrErrorDelta":0,"rssMean":1231669540.5714285,"churn":[],"pausedCpuPercent":2.8127499999999777}
