results/playback-performance/2026-09-08T16-06-01.179Z
1/8 baseline prewarm: 30s
1/8 baseline warmup: 10s
1/8 baseline measurement: 120s
baseline measured 25/120s
baseline measured 55/120s
baseline measured 85/120s
baseline measured 115/120s
1/8 baseline paused idle: 2s
baseline {"renderMs":8174.064999977127,"copyMs":7301.62000005506,"cpuPercent":57.33929280592874,"elapsed":120.363,"frames":3608,"position":120.29999999999998,"dropOrErrorDelta":0,"rssMean":1041423400.96,"churn":[],"pausedCpuPercent":3.7873190214676695}
2/8 candidate prewarm: 30s
2/8 candidate warmup: 10s
2/8 candidate measurement: 120s
candidate measured 25/120s
candidate measured 55/120s
candidate measured 85/120s
candidate measured 115/120s
2/8 candidate paused idle: 2s
candidate {"renderMs":7409.950000001118,"copyMs":6513.39999997057,"cpuPercent":44.417340944266,"elapsed":120.178,"frames":3603,"position":120.19999999999999,"dropOrErrorDelta":0,"rssMean":1079538483.2,"churn":[],"pausedCpuPercent":1.645104895104685}
3/8 candidate prewarm: 30s
3/8 candidate warmup: 10s
3/8 candidate measurement: 120s
candidate measured 25/120s
candidate measured 55/120s
candidate measured 85/120s
candidate measured 115/120s
3/8 candidate paused idle: 2s
candidate {"renderMs":7924.525000073016,"copyMs":6926.390000011772,"cpuPercent":47.859957794338776,"elapsed":120.363,"frames":3607,"position":120.36666666666667,"dropOrErrorDelta":0,"rssMean":1106589777.92,"churn":[],"pausedCpuPercent":2.6195207189221335}
4/8 baseline prewarm: 30s
4/8 baseline warmup: 10s
4/8 baseline measurement: 120s
baseline measured 25/120s
baseline measured 55/120s
baseline measured 85/120s
baseline measured 115/120s
4/8 baseline paused idle: 2s
baseline {"renderMs":8036.1899999678135,"copyMs":6988.520000040531,"cpuPercent":54.44065325337482,"elapsed":120.229,"frames":3606,"position":120.23333333333332,"dropOrErrorDelta":0,"rssMean":897697710.08,"churn":[],"pausedCpuPercent":2.167882117881218}
5/8 candidate prewarm: 30s
5/8 candidate warmup: 10s
5/8 candidate measurement: 120s
candidate measured 25/120s
candidate measured 55/120s
candidate measured 85/120s
candidate measured 115/120s
candidate AssertionError [ERR_ASSERTION]: Expected values to be strictly equal:

2 !== 0

6/8 baseline prewarm: 30s
6/8 baseline warmup: 10s
6/8 baseline measurement: 120s
baseline measured 25/120s
baseline measured 55/120s
baseline measured 85/120s
baseline measured 115/120s
6/8 baseline paused idle: 2s
baseline {"renderMs":11058.435000009835,"copyMs":9308.51000000164,"cpuPercent":72.18845054981563,"elapsed":120.404,"frames":3613,"position":120.39999999999998,"dropOrErrorDelta":0,"rssMean":796624814.08,"churn":[],"pausedCpuPercent":4.370644033947184}
7/8 baseline prewarm: 30s
7/8 baseline warmup: 10s
7/8 baseline measurement: 120s
baseline measured 25/120s
baseline measured 55/120s
baseline measured 85/120s
baseline measured 115/120s
7/8 baseline paused idle: 2s
baseline {"renderMs":8436.774999910966,"copyMs":7441.690000040457,"cpuPercent":57.9907503782651,"elapsed":120.286,"frames":3609,"position":120.26666666666668,"dropOrErrorDelta":0,"rssMean":833483571.2,"churn":[],"pausedCpuPercent":4.417465069858745}
8/8 candidate prewarm: 30s
8/8 candidate warmup: 10s
8/8 candidate measurement: 120s
candidate measured 25/120s
candidate measured 55/120s
candidate measured 85/120s
candidate measured 115/120s
8/8 candidate paused idle: 2s
candidate {"renderMs":7564.900000013411,"copyMs":6739.235000021756,"cpuPercent":46.26585232042956,"elapsed":120.301,"frames":3611,"position":120.29999999999998,"dropOrErrorDelta":0,"rssMean":700114534.4,"churn":[],"pausedCpuPercent":2.4754491017957916}
