results/playback-performance/2026-09-08T18-44-48.067Z
1/12 native prewarm: 30s
1/12 native warmup: 10s
1/12 native measurement: 60s
native measured 25/60s
native measured 55/60s
1/12 native paused idle: 2s
native {"renderMs":0,"copyMs":0,"cpuPercent":5.134474844074846,"elapsed":60.125,"frames":1804,"position":60.29610599999998,"dropOrErrorDelta":0,"rssMean":947806838.1538461,"churn":[],"pausedCpuPercent":0.9558162755866212}
2/12 baseline prewarm: 30s
2/12 baseline warmup: 10s
2/12 baseline measurement: 60s
baseline measured 25/60s
baseline measured 55/60s
2/12 baseline paused idle: 2s
baseline {"renderMs":3878.745000012219,"copyMs":3388.449999973178,"cpuPercent":50.30996157109349,"elapsed":60.111,"frames":1800,"position":60.133333333333326,"dropOrErrorDelta":0,"rssMean":1263011052.3076923,"churn":[],"audioUnderrunDelta":0,"pausedCpuPercent":2.5261108337492613}
3/12 candidate prewarm: 30s
3/12 candidate warmup: 10s
3/12 candidate measurement: 60s
candidate measured 25/60s
candidate measured 55/60s
3/12 candidate paused idle: 2s
candidate {"renderMs":4300.350000135601,"copyMs":3716.834999937564,"cpuPercent":46.7413826955075,"elapsed":60.1,"frames":1799,"position":60.099999999999994,"dropOrErrorDelta":0,"rssMean":1123023635.6923077,"churn":[],"audioUnderrunDelta":0,"pausedCpuPercent":1.8466799800297709}
4/12 candidate prewarm: 30s
4/12 candidate warmup: 10s
4/12 candidate measurement: 60s
candidate measured 25/60s
candidate measured 55/60s
4/12 candidate paused idle: 2s
candidate {"renderMs":3740.82999991253,"copyMs":3317.7000000327826,"cpuPercent":42.657152365263975,"elapsed":60.099,"frames":1802,"position":60.166666666666686,"dropOrErrorDelta":0,"rssMean":1194960738.4615386,"churn":[],"audioUnderrunDelta":0,"pausedCpuPercent":3.4094905094907175}
5/12 baseline prewarm: 30s
5/12 baseline warmup: 10s
5/12 baseline measurement: 60s
baseline measured 25/60s
baseline measured 55/60s
5/12 baseline paused idle: 2s
baseline {"renderMs":3834.4150000810623,"copyMs":3361.224999964237,"cpuPercent":50.4409173365287,"elapsed":60.087,"frames":1801,"position":60.06666666666666,"dropOrErrorDelta":0,"rssMean":1149658978.4615386,"churn":[],"audioUnderrunDelta":0,"pausedCpuPercent":4.603140578265136}
6/12 native prewarm: 30s
6/12 native warmup: 10s
6/12 native measurement: 60s
native measured 25/60s
native measured 55/60s
6/12 native paused idle: 2s
native {"renderMs":0,"copyMs":0,"cpuPercent":4.836059646038237,"elapsed":60.289,"frames":1808,"position":60.29571499999997,"dropOrErrorDelta":0,"rssMean":1043790611.6923077,"churn":[],"pausedCpuPercent":0.7704443334990908}
7/12 native prewarm: 30s
7/12 native warmup: 10s
7/12 native measurement: 60s
native measured 25/60s
native measured 55/60s
7/12 native paused idle: 2s
native {"renderMs":0,"copyMs":0,"cpuPercent":5.602529539024794,"elapsed":60.09,"frames":1803,"position":60.030069,"dropOrErrorDelta":0,"rssMean":1050860937.8461539,"churn":[],"pausedCpuPercent":1.1109780439114143}
8/12 baseline prewarm: 30s
8/12 baseline warmup: 10s
8/12 baseline measurement: 60s
baseline measured 25/60s
baseline measured 55/60s
8/12 baseline paused idle: 2s
baseline {"renderMs":4358.110000029206,"copyMs":3721.964999947697,"cpuPercent":54.9344766754872,"elapsed":60.087,"frames":1806,"position":60.06666666666669,"dropOrErrorDelta":0,"rssMean":1233973563.0769231,"churn":[],"audioUnderrunDelta":0,"pausedCpuPercent":3.0265835411469517}
9/12 candidate prewarm: 30s
9/12 candidate warmup: 10s
9/12 candidate measurement: 60s
candidate measured 25/60s
candidate measured 55/60s
9/12 candidate paused idle: 2s
candidate {"renderMs":3813.7350001111627,"copyMs":3336.244999848306,"cpuPercent":42.73978199367615,"elapsed":60.09,"frames":1800,"position":60.10000000000002,"dropOrErrorDelta":0,"rssMean":1199365513.8461537,"churn":[],"audioUnderrunDelta":0,"pausedCpuPercent":3.540968063873743}
10/12 candidate prewarm: 30s
10/12 candidate warmup: 10s
10/12 candidate measurement: 60s
candidate measured 25/60s
candidate measured 55/60s
10/12 candidate paused idle: 2s
candidate {"renderMs":3760.4350000210106,"copyMs":3329.1700000055134,"cpuPercent":42.171992011982,"elapsed":60.09,"frames":1799,"position":60.10000000000002,"dropOrErrorDelta":0,"rssMean":1235775803.0769231,"churn":[],"audioUnderrunDelta":0,"pausedCpuPercent":6.522666000999479}
11/12 baseline prewarm: 30s
11/12 baseline warmup: 10s
11/12 baseline measurement: 60s
baseline measured 25/60s
baseline measured 55/60s
11/12 baseline paused idle: 2s
baseline {"renderMs":3757.184999920428,"copyMs":3402.5499999411404,"cpuPercent":51.36003799768706,"elapsed":60.53,"frames":1812,"position":60.53333333333336,"dropOrErrorDelta":0,"rssMean":976172583.3846154,"churn":[],"audioUnderrunDelta":0,"pausedCpuPercent":4.229820179817648}
12/12 native prewarm: 30s
12/12 native warmup: 10s
12/12 native measurement: 60s
native measured 25/60s
native measured 55/60s
12/12 native paused idle: 2s
native {"renderMs":0,"copyMs":0,"cpuPercent":5.41322752202096,"elapsed":60.17,"frames":1806,"position":60.296796,"dropOrErrorDelta":0,"rssMean":753532928,"churn":[],"pausedCpuPercent":0.9519221168261679}
