results/playback-performance/2026-09-08T22-14-48.082Z
1/4 baseline prewarm: 10s
1/4 baseline warmup: 6s
1/4 baseline measurement: 90s
baseline measured 28/90s
baseline measured 58/90s
baseline measured 89/90s
1/4 baseline paused idle: 2s
baseline {"renderMs":6091.515000000596,"copyMs":5364.7699999809265,"cpuPercent":60.510465949030966,"elapsed":90.761,"frames":2722,"position":90.76666666666671,"dropOrErrorDelta":0,"rssMean":823081939.4782609,"churn":[],"audioUnderrunDelta":0,"pausedCpuPercent":3.52668665667146}
2/4 candidate prewarm: 10s
2/4 candidate warmup: 6s
2/4 candidate measurement: 90s
candidate measured 28/90s
candidate measured 58/90s
candidate measured 89/90s
2/4 candidate paused idle: 2s
candidate {"renderMs":6870.0200000703335,"copyMs":5974.359999805689,"cpuPercent":55.280742773992976,"elapsed":90.714,"frames":2723,"position":90.69999999999999,"dropOrErrorDelta":0,"rssMean":551016002.7826087,"churn":[],"audioUnderrunDelta":0,"pausedCpuPercent":3.0357463804298197}
3/4 candidate prewarm: 10s
3/4 candidate warmup: 6s
3/4 candidate measurement: 90s
candidate measured 28/90s
candidate measured 59/90s
candidate measured 89/90s
3/4 candidate paused idle: 2s
candidate {"renderMs":7366.305000014603,"copyMs":6819.935000017285,"cpuPercent":59.26043804934932,"elapsed":90.903,"frames":2725,"position":90.90000000000003,"dropOrErrorDelta":0,"rssMean":504927810.7826087,"churn":[],"audioUnderrunDelta":0,"pausedCpuPercent":2.0476285571648076}
4/4 baseline prewarm: 10s
4/4 baseline warmup: 6s
4/4 baseline measurement: 90s
baseline measured 28/90s
baseline measured 58/90s
baseline measured 89/90s
baseline AssertionError [ERR_ASSERTION]: Expected values to be strictly equal:

1 !== 0

