results/playback-performance/stability-software-2026-09-08T19-46-55.738Z
software 25/3600s; issues=none
software 55/3600s; issues=none
software 85/3600s; issues=none
software 115/3600s; issues=none
software 145/3600s; issues=none
software 175/3600s; issues=none
software 205/3600s; issues=none
software 235/3600s; issues=none
software 265/3600s; issues=none
software 296/3600s; issues=none
software 326/3600s; issues=none
software 356/3600s; issues=none
software 386/3600s; issues=none
software 416/3600s; issues=none
software 446/3600s; issues=none
software 476/3600s; issues=none
software 506/3600s; issues=none
software 536/3600s; issues=none
software 566/3600s; issues=none
software 596/3600s; issues=none
{"segment":0,"elapsed":600.01,"frames":17996,"dropDelta":0,"audioDelta":28797696,"positionDelta":599.9333333333334,"underrunDelta":0,"cpuPercent":48.89446542557627,"churn":[],"rssFirst":1158414336,"rssLast":1312407552,"rssPeak":1373257728,"heapFirst":134217728,"heapLast":134217728}
software 625/3600s; issues=none
software 655/3600s; issues=none
software 685/3600s; issues=none
software 715/3600s; issues=none
software 745/3600s; issues=none
software 775/3600s; issues=none
software 805/3600s; issues=none
software 835/3600s; issues=none
software 865/3600s; issues=none
software 895/3600s; issues=none
software 926/3600s; issues=none
software 956/3600s; issues=none
software 986/3600s; issues=none
software 1016/3600s; issues=none
software 1046/3600s; issues=none
software 1076/3600s; issues=none
software 1106/3600s; issues=none
software 1136/3600s; issues=none
software 1166/3600s; issues=none
software 1196/3600s; issues=none
{"segment":1,"elapsed":600.012,"frames":17995,"dropDelta":0,"audioDelta":28799488,"positionDelta":600,"underrunDelta":0,"cpuPercent":47.01143760458119,"churn":[],"rssFirst":1319010304,"rssLast":1063124992,"rssPeak":1339359232,"heapFirst":134217728,"heapLast":134217728}
software 1225/3600s; issues=none
software 1255/3600s; issues=none
software 1285/3600s; issues=none
software 1315/3600s; issues=none
software 1345/3600s; issues=none
software 1375/3600s; issues=none
software 1405/3600s; issues=none
software 1435/3600s; issues=none
software 1466/3600s; issues=none
software 1496/3600s; issues=none
software 1526/3600s; issues=none
software 1556/3600s; issues=none
software 1586/3600s; issues=none
software 1616/3600s; issues=none
software 1646/3600s; issues=none
software 1677/3600s; issues=none
software 1707/3600s; issues=none
software 1737/3600s; issues=none
software 1767/3600s; issues=none
software 1797/3600s; issues=none
{"segment":2,"elapsed":600.067,"frames":17998,"dropDelta":1,"audioDelta":28803328,"positionDelta":600.1333333333334,"underrunDelta":0,"cpuPercent":48.95945602741026,"churn":[],"rssFirst":1076297728,"rssLast":861044736,"rssPeak":1136541696,"heapFirst":134217728,"heapLast":134217728}
software 1825/3600s; issues=droppedFrames
software 1855/3600s; issues=droppedFrames
software 1885/3600s; issues=droppedFrames
software 1916/3600s; issues=droppedFrames
software 1946/3600s; issues=droppedFrames
software 1976/3600s; issues=droppedFrames
software 2006/3600s; issues=droppedFrames
software 2036/3600s; issues=droppedFrames
software 2066/3600s; issues=droppedFrames
software 2096/3600s; issues=droppedFrames
software 2127/3600s; issues=droppedFrames
software 2157/3600s; issues=droppedFrames
software 2187/3600s; issues=droppedFrames
software 2217/3600s; issues=droppedFrames
software 2247/3600s; issues=droppedFrames
software 2277/3600s; issues=droppedFrames
software 2308/3600s; issues=droppedFrames
software 2338/3600s; issues=droppedFrames
software 2368/3600s; issues=droppedFrames
software 2398/3600s; issues=droppedFrames
{"segment":3,"elapsed":600.067,"frames":17998,"dropDelta":8,"audioDelta":28805376,"positionDelta":600.2,"underrunDelta":0,"cpuPercent":66.36872449243175,"churn":[],"rssFirst":859570176,"rssLast":901382144,"rssPeak":934232064,"heapFirst":134217728,"heapLast":134217728}
software 2425/3600s; issues=droppedFrames
software 2455/3600s; issues=droppedFrames
software 2486/3600s; issues=droppedFrames
software 2516/3600s; issues=droppedFrames
software 2546/3600s; issues=droppedFrames
software 2576/3600s; issues=droppedFrames
software 2606/3600s; issues=droppedFrames
software 2636/3600s; issues=droppedFrames
software 2666/3600s; issues=droppedFrames
software 2696/3600s; issues=droppedFrames
software 2726/3600s; issues=droppedFrames
software 2756/3600s; issues=droppedFrames
software 2786/3600s; issues=droppedFrames
software 2817/3600s; issues=droppedFrames
software 2847/3600s; issues=droppedFrames
software 2877/3600s; issues=droppedFrames
software 2907/3600s; issues=droppedFrames
software 2937/3600s; issues=droppedFrames
software 2967/3600s; issues=droppedFrames
software 2997/3600s; issues=droppedFrames
{"segment":4,"elapsed":600.021,"frames":18001,"dropDelta":3,"audioDelta":28802048,"positionDelta":600.0666666666667,"underrunDelta":0,"cpuPercent":54.2067407640734,"churn":[],"rssFirst":864485376,"rssLast":794542080,"rssPeak":1060536320,"heapFirst":134217728,"heapLast":134217728}
software 3025/3600s; issues=droppedFrames
software 3055/3600s; issues=droppedFrames
software 3085/3600s; issues=droppedFrames
software 3116/3600s; issues=droppedFrames
software 3146/3600s; issues=droppedFrames
software 3176/3600s; issues=droppedFrames
software 3206/3600s; issues=droppedFrames
software 3236/3600s; issues=droppedFrames
software 3266/3600s; issues=droppedFrames
software 3296/3600s; issues=droppedFrames
software 3326/3600s; issues=droppedFrames
software 3356/3600s; issues=droppedFrames
software 3386/3600s; issues=droppedFrames
software 3416/3600s; issues=droppedFrames
software 3446/3600s; issues=droppedFrames
software 3476/3600s; issues=droppedFrames
software 3506/3600s; issues=droppedFrames
software 3536/3600s; issues=droppedFrames
software 3567/3600s; issues=droppedFrames
software 3597/3600s; issues=droppedFrames
{"segment":5,"elapsed":599.84,"frames":17996,"dropDelta":0,"audioDelta":28792064,"positionDelta":599.8333333333334,"underrunDelta":0,"cpuPercent":49.318969558548915,"churn":[],"rssFirst":810237952,"rssLast":864976896,"rssPeak":865402880,"heapFirst":134217728,"heapLast":134217728}
{"passed":false,"measuredSeconds":3600.017,"issues":{"droppedFrames":{"count":3,"first":{"segment":2,"delta":1},"last":{"segment":4,"delta":3}}}}
