results/playback-performance/2026-09-08T15-14-22.173Z
native {"renderMs":0,"copyMs":0,"cpuPercent":7.191563275434243,"elapsed":12.09,"frames":362,"position":12.216833999999999,"dropOrErrorDelta":0,"rssMean":1154767005.5384614,"churn":[],"pausedCpuPercent":2.229740518962069}
baseline {"renderMs":6.329999985173345,"copyMs":0,"cpuPercent":19.765298199240053,"elapsed":12.106,"frames":366,"position":12.100000000000001,"dropOrErrorDelta":0,"rssMean":1312098776.6153846,"churn":[],"pausedCpuPercent":2.0632867132867347}
candidate Error: page.evaluate: Error: WebGPU presentation error: Destroyed texture [Texture "IOSurface(Gles2Read|RasterRead|DisplayRead|Scanout|WebgpuRead|MacosVideoToolbox)"] used in a submit.
 - While calling [Queue].Submit([[CommandBuffer]])

    at worker.onmessage (http://127.0.0.1:58170/candidate/web/generated/internal/wasm-player.js:60:35)
candidate Error: page.evaluate: Error: WebGPU presentation error: Destroyed texture [Texture "IOSurface(Gles2Read|RasterRead|DisplayRead|Scanout|WebgpuRead|MacosVideoToolbox)"] used in a submit.
 - While calling [Queue].Submit([[CommandBuffer]])

    at worker.onmessage (http://127.0.0.1:58170/candidate/web/generated/internal/wasm-player.js:60:35)
baseline {"renderMs":7.050000015646219,"copyMs":0,"cpuPercent":21.80038007105676,"elapsed":12.103,"frames":365,"position":12.100000000000001,"dropOrErrorDelta":0,"rssMean":1325776896,"churn":[],"pausedCpuPercent":1.429505741387923}
native {"renderMs":0,"copyMs":0,"cpuPercent":3.1620072871811824,"elapsed":12.076,"frames":362,"position":12.217198999999999,"dropOrErrorDelta":0,"rssMean":1191953644.3076923,"churn":[],"pausedCpuPercent":0.6007488766849353}
baseline {"renderMs":2.984999993816018,"copyMs":0,"cpuPercent":11.75294117647059,"elapsed":12.087,"frames":366,"position":12.100000000000001,"dropOrErrorDelta":0,"rssMean":1333777329.2307692,"churn":[],"pausedCpuPercent":1.5584123814278439}
candidate Error: page.evaluate: Error: WebGPU presentation error: Destroyed texture [Texture "IOSurface(Gles2Read|RasterRead|DisplayRead|Scanout|WebgpuRead|MacosVideoToolbox)"] used in a submit.
 - While calling [Queue].Submit([[CommandBuffer]])

    at worker.onmessage (http://127.0.0.1:58170/candidate/web/generated/internal/wasm-player.js:60:35)
native {"renderMs":0,"copyMs":0,"cpuPercent":6.253865872818988,"elapsed":12.093,"frames":363,"position":12.218543,"dropOrErrorDelta":0,"rssMean":1193011042.4615386,"churn":[],"pausedCpuPercent":1.2079301745635889}
native {"renderMs":0,"copyMs":0,"cpuPercent":4.178305168986088,"elapsed":12.072,"frames":362,"position":12.218656999999999,"dropOrErrorDelta":0,"rssMean":1192358203.0769231,"churn":[],"pausedCpuPercent":0.807599999999951}
candidate Error: page.evaluate: Error: WebGPU presentation error: Destroyed texture [Texture "IOSurface(Gles2Read|RasterRead|DisplayRead|Scanout|WebgpuRead|MacosVideoToolbox)"] used in a submit.
 - While calling [Queue].Submit([[CommandBuffer]])

    at worker.onmessage (http://127.0.0.1:58170/candidate/web/generated/internal/wasm-player.js:60:35)
baseline {"renderMs":3.5349999889731407,"copyMs":0,"cpuPercent":12.652042335042182,"elapsed":12.094,"frames":365,"position":12.100000000000001,"dropOrErrorDelta":0,"rssMean":1336014375.3846154,"churn":[],"pausedCpuPercent":1.7330504243634515}
