results/playback-performance/2026-09-08T16-45-38.660Z
1/6 native prewarm: 3s
1/6 native warmup: 6s
1/6 native measurement: 12s
1/6 native paused idle: 2s
native {"renderMs":0,"copyMs":0,"cpuPercent":4.573642449789238,"elapsed":12.099,"frames":362,"position":12.216617999999999,"dropOrErrorDelta":0,"rssMean":984640590.7692307,"churn":[],"pausedCpuPercent":1.6926441351888695}
2/6 baseline prewarm: 3s
2/6 baseline warmup: 6s
2/6 baseline measurement: 12s
2/6 baseline paused idle: 2s
baseline {"renderMs":7.110000014305115,"copyMs":0,"cpuPercent":17.67796804588283,"elapsed":12.205,"frames":365,"position":12.2,"dropOrErrorDelta":0,"rssMean":992813686.1538461,"churn":[],"pausedCpuPercent":3.397653519720404}
3/6 candidate prewarm: 3s
3/6 candidate warmup: 6s
3/6 candidate measurement: 12s
3/6 candidate paused idle: 2s
candidate {"renderMs":7.714999999850988,"copyMs":0,"cpuPercent":15.35205164049009,"elapsed":12.161,"frames":365,"position":12.166666666666668,"dropOrErrorDelta":0,"rssMean":979593058.4615384,"churn":[],"trackDisplayDelayMs":{"frames":365,"mean":53.71718014233733,"max":65.03515625,"min":39.180419921875,"scope":"All compositor callbacks since measurement reset; submission-to-display delay, not independent A/V synchronization"},"pausedCpuPercent":4.101994017946188}
4/6 candidate prewarm: 3s
4/6 candidate warmup: 6s
4/6 candidate measurement: 12s
4/6 candidate paused idle: 2s
candidate {"renderMs":7.0749999806284904,"copyMs":0,"cpuPercent":13.561364011215568,"elapsed":12.126,"frames":363,"position":12.133333333333333,"dropOrErrorDelta":0,"rssMean":913357587.6923077,"churn":[],"trackDisplayDelayMs":{"frames":363,"mean":2.7232750086088156,"max":17.01513671875,"min":-16.32470703125,"scope":"All compositor callbacks since measurement reset; submission-to-display delay, not independent A/V synchronization"},"pausedCpuPercent":3.4065369261476923}
5/6 baseline prewarm: 3s
5/6 baseline warmup: 6s
5/6 baseline measurement: 12s
5/6 baseline paused idle: 2s
baseline {"renderMs":3.765000056475401,"copyMs":0,"cpuPercent":13.145182614443907,"elapsed":12.102,"frames":360,"position":12.100000000000001,"dropOrErrorDelta":0,"rssMean":1097377634.4615386,"churn":[],"pausedCpuPercent":1.6962593516209914}
6/6 native prewarm: 3s
6/6 native warmup: 6s
6/6 native measurement: 12s
6/6 native paused idle: 2s
native {"renderMs":0,"copyMs":0,"cpuPercent":3.7642520076165367,"elapsed":12.079,"frames":361,"position":12.219073000000002,"dropOrErrorDelta":0,"rssMean":1029077779.6923077,"churn":[],"pausedCpuPercent":0.8965499999999589}
