results/playback-performance/2026-09-08T16-38-05.060Z
1/6 native prewarm: 3s
1/6 native warmup: 6s
1/6 native measurement: 12s
1/6 native paused idle: 2s
native {"renderMs":0,"copyMs":0,"cpuPercent":14.175330107438691,"elapsed":12.193,"frames":365,"position":12.218139999999998,"dropOrErrorDelta":0,"rssMean":1154116686.7692308,"churn":[],"pausedCpuPercent":2.496359102244394}
2/6 baseline prewarm: 3s
2/6 baseline warmup: 6s
2/6 baseline measurement: 12s
2/6 baseline paused idle: 2s
baseline {"renderMs":11.57999999821186,"copyMs":0,"cpuPercent":34.437435265104824,"elapsed":12.165,"frames":364,"position":12.166666666666668,"dropOrErrorDelta":0,"rssMean":1324386776.6153846,"churn":[],"pausedCpuPercent":6.112057797708031}
3/6 candidate prewarm: 3s
3/6 candidate warmup: 6s
3/6 candidate measurement: 12s
candidate AssertionError [ERR_ASSERTION]: Video compositor added more than 100ms display latency
4/6 candidate prewarm: 3s
4/6 candidate warmup: 6s
4/6 candidate measurement: 12s
candidate AssertionError [ERR_ASSERTION]: Video compositor added more than 100ms display latency
5/6 baseline prewarm: 3s
5/6 baseline warmup: 6s
5/6 baseline measurement: 12s
5/6 baseline paused idle: 2s
baseline {"renderMs":10.819999987259507,"copyMs":0,"cpuPercent":31.838624773811482,"elapsed":12.158,"frames":365,"position":12.166666666666668,"dropOrErrorDelta":0,"rssMean":1391203249.2307692,"churn":[],"pausedCpuPercent":6.486327345309233}
6/6 native prewarm: 3s
6/6 native warmup: 6s
6/6 native measurement: 12s
6/6 native paused idle: 2s
native {"renderMs":0,"copyMs":0,"cpuPercent":4.9825655446199795,"elapsed":12.091,"frames":363,"position":12.217486,"dropOrErrorDelta":0,"rssMean":1289088078.7692308,"churn":[],"pausedCpuPercent":0.9483275087369755}
