results/playback-performance/2026-09-08T14-58-11.875Z
native {"renderMs":0,"copyMs":0,"cpuPercent":12.969196025293586,"elapsed":12.177,"frames":365,"position":12.216221999999998,"dropOrErrorDelta":0,"rssMean":1161384881.2307692,"churn":[],"pausedCpuPercent":1.875012468827921}
baseline {"renderMs":13.090000001713634,"copyMs":0,"cpuPercent":36.036393496469046,"elapsed":12.178,"frames":365,"position":12.200000000000001,"dropOrErrorDelta":0,"rssMean":1311237986.4615386,"churn":[],"pausedCpuPercent":3.132950574138797}
candidate {"renderMs":11.585000025108457,"copyMs":0,"cpuPercent":32.26680644630817,"elapsed":12.162,"frames":365,"position":12.166666666666668,"dropOrErrorDelta":0,"rssMean":1323983478.1538463,"churn":[],"pausedCpuPercent":6.71151545363905}
candidate {"renderMs":11.535000013187528,"copyMs":0,"cpuPercent":33.10070682994987,"elapsed":12.167,"frames":364,"position":12.166666666666666,"dropOrErrorDelta":0,"rssMean":1324606070.1538463,"churn":[],"pausedCpuPercent":4.818852867830356}
baseline {"renderMs":9.264999993145466,"copyMs":0,"cpuPercent":27.396441808747223,"elapsed":12.141,"frames":366,"position":12.133333333333333,"dropOrErrorDelta":0,"rssMean":1320725582.7692308,"churn":[],"pausedCpuPercent":4.990972568578615}
native {"renderMs":0,"copyMs":0,"cpuPercent":12.961620732208953,"elapsed":12.155,"frames":365,"position":12.216394999999999,"dropOrErrorDelta":0,"rssMean":1186200339.6923077,"churn":[],"pausedCpuPercent":2.6415668662674454}
baseline AssertionError [ERR_ASSERTION]: Expected values to be strictly deep-equal:
+ actual - expected

+ [
+   'Hybrid decoder stopped. Reopen in software mode.',
+   'Error: Retained frame 5233333 did not arrive\n' +
+     '    at presentSelected (http://127.0.0.1:52210/baseline/web/filter-retained-engine-worker.js?mode=retained:63:115)\n' +
+     '    at tick (http://127.0.0.1:52210/baseline/web/filter-retained-engine-worker.js?mode=retained:188:7)\n' +
+     '    at http://127.0.0.1:52210/baseline/web/filter-retained-engine-worker.js?mode=retained:81:5'
+ ]
- []

candidate {"renderMs":7.82999999448657,"copyMs":0,"cpuPercent":21.21991820040899,"elapsed":12.225,"frames":365,"position":12.200000000000001,"dropOrErrorDelta":0,"rssMean":1022013755.0769231,"churn":[],"pausedCpuPercent":4.590691886510691}
native {"renderMs":0,"copyMs":0,"cpuPercent":5.070372819707372,"elapsed":12.097,"frames":363,"position":12.2173,"dropOrErrorDelta":0,"rssMean":1036444278.1538461,"churn":[],"pausedCpuPercent":0.9276585122316012}
native {"renderMs":0,"copyMs":0,"cpuPercent":5.1763368873460625,"elapsed":12.099,"frames":363,"position":12.217622,"dropOrErrorDelta":0,"rssMean":890587608.6153846,"churn":[],"pausedCpuPercent":1.8935258964143862}
candidate AssertionError [ERR_ASSERTION]: Expected values to be strictly deep-equal:
+ actual - expected

+ [
+   'Hybrid decoder stopped. Reopen in software mode.'
+ ]
- []

baseline {"renderMs":6.115000002086163,"copyMs":0,"cpuPercent":17.183738564246294,"elapsed":12.133,"frames":365,"position":12.1,"dropOrErrorDelta":0,"rssMean":865518828.3076923,"churn":[],"pausedCpuPercent":4.138080959520208}
