results/playback-performance/2026-09-08T22-09-23.500Z
1/8 baseline warmup: 6s
1/8 baseline measurement: 12s
1/8 baseline paused idle: 15s
baseline {"renderMs":5.8849999606609344,"copyMs":0,"cpuPercent":16.248478819530796,"elapsed":12.063,"frames":360,"position":12.066666666666666,"dropOrErrorDelta":0,"rssMean":1086149193.142857,"churn":[],"audioUnderrunDelta":0,"pausedCpuPercent":4.256375391588349}
2/8 candidate warmup: 6s
2/8 candidate measurement: 12s
2/8 candidate paused idle: 15s
candidate {"renderMs":6.119999937713146,"copyMs":0,"cpuPercent":17.21193398573562,"elapsed":12.058,"frames":359,"position":12.066666666666666,"dropOrErrorDelta":0,"rssMean":739002660.5714285,"churn":[],"audioUnderrunDelta":0,"pausedCpuPercent":3.4109785361951737}
3/8 candidate warmup: 6s
3/8 candidate measurement: 12s
3/8 candidate paused idle: 15s
candidate {"renderMs":4.019999958574772,"copyMs":0,"cpuPercent":12.628872654823173,"elapsed":12.046,"frames":359,"position":12.066666666666666,"dropOrErrorDelta":0,"rssMean":841910564.5714285,"churn":[],"audioUnderrunDelta":0,"pausedCpuPercent":3.1693215142628657}
4/8 baseline warmup: 6s
4/8 baseline measurement: 12s
4/8 baseline paused idle: 15s
baseline {"renderMs":5.089999981224537,"copyMs":0,"cpuPercent":14.765983402489628,"elapsed":12.05,"frames":358,"position":12.066666666666666,"dropOrErrorDelta":0,"rssMean":861697755.4285715,"churn":[],"audioUnderrunDelta":0,"pausedCpuPercent":4.025554889022205}
5/8 baseline warmup: 6s
5/8 baseline measurement: 12s
5/8 baseline paused idle: 15s
baseline {"renderMs":7.780000075697899,"copyMs":0,"cpuPercent":20.057706330792183,"elapsed":12.068,"frames":359,"position":12.066666666666666,"dropOrErrorDelta":0,"rssMean":684174774.8571428,"churn":[],"audioUnderrunDelta":0,"pausedCpuPercent":5.44136896827513}
6/8 candidate warmup: 6s
6/8 candidate measurement: 12s
6/8 candidate paused idle: 15s
candidate {"renderMs":7.565000131726265,"copyMs":0,"cpuPercent":19.462625258799182,"elapsed":12.075,"frames":361,"position":12.099999999999998,"dropOrErrorDelta":0,"rssMean":756978249.1428572,"churn":[],"audioUnderrunDelta":0,"pausedCpuPercent":4.421886037987333}
7/8 candidate warmup: 6s
7/8 candidate measurement: 12s
7/8 candidate paused idle: 15s
candidate {"renderMs":5.804999962449074,"copyMs":0,"cpuPercent":16.14110816191107,"elapsed":12.056,"frames":359,"position":12.066666666666666,"dropOrErrorDelta":0,"rssMean":673195154.2857143,"churn":[],"audioUnderrunDelta":0,"pausedCpuPercent":3.010370567848578}
8/8 baseline warmup: 6s
8/8 baseline measurement: 12s
8/8 baseline paused idle: 15s
baseline {"renderMs":7.290000006556511,"copyMs":0,"cpuPercent":18.726370842526773,"elapsed":12.237,"frames":365,"position":12.266666666666666,"dropOrErrorDelta":0,"rssMean":793491163.4285715,"churn":[],"audioUnderrunDelta":0,"pausedCpuPercent":4.750939624150327}
