results/playback-performance/2026-09-08T22-06-25.104Z
1/8 baseline warmup: 6s
1/8 baseline measurement: 12s
1/8 baseline paused idle: 2s
baseline {"renderMs":48.514999970793724,"copyMs":0,"cpuPercent":17.767678275290212,"elapsed":12.06,"frames":360,"position":12.067,"dropOrErrorDelta":0,"rssMean":1040873179.4285715,"churn":[],"audioUnderrunDelta":0,"pausedCpuPercent":3.027692307692315}
2/8 candidate warmup: 6s
2/8 candidate measurement: 12s
2/8 candidate paused idle: 2s
candidate {"renderMs":49.110000021755695,"copyMs":0,"cpuPercent":17.912076974120776,"elapsed":12.056,"frames":360,"position":12.033000000000001,"dropOrErrorDelta":0,"rssMean":725043492.5714285,"churn":[],"audioUnderrunDelta":0,"pausedCpuPercent":2.566533466533469}
3/8 candidate warmup: 6s
3/8 candidate measurement: 12s
3/8 candidate paused idle: 2s
candidate {"renderMs":48.83499990403652,"copyMs":0,"cpuPercent":17.651895479054335,"elapsed":12.055,"frames":359,"position":12.033000000000001,"dropOrErrorDelta":0,"rssMean":859815936,"churn":[],"audioUnderrunDelta":0,"pausedCpuPercent":2.892161757364005}
4/8 baseline warmup: 6s
4/8 baseline measurement: 12s
4/8 baseline paused idle: 2s
baseline {"renderMs":49.050000101327896,"copyMs":0,"cpuPercent":17.732592285358763,"elapsed":12.055,"frames":365,"position":12.067,"dropOrErrorDelta":0,"rssMean":770282057.1428572,"churn":[],"audioUnderrunDelta":0,"pausedCpuPercent":2.909690309690314}
5/8 baseline warmup: 6s
5/8 baseline measurement: 12s
5/8 baseline paused idle: 2s
baseline {"renderMs":49.08499991893768,"copyMs":0,"cpuPercent":17.971053067993374,"elapsed":12.06,"frames":359,"position":12.067,"dropOrErrorDelta":0,"rssMean":794895506.2857143,"churn":[],"audioUnderrunDelta":0,"pausedCpuPercent":2.9271728271728588}
6/8 candidate warmup: 6s
6/8 candidate measurement: 12s
6/8 candidate paused idle: 2s
candidate {"renderMs":50.210000075399876,"copyMs":0,"cpuPercent":17.999402489626547,"elapsed":12.05,"frames":360,"position":12.067,"dropOrErrorDelta":0,"rssMean":744149577.1428572,"churn":[],"audioUnderrunDelta":0,"pausedCpuPercent":2.5614078881676634}
7/8 candidate warmup: 6s
7/8 candidate measurement: 12s
7/8 candidate paused idle: 2s
candidate {"renderMs":49.169999964535236,"copyMs":0,"cpuPercent":17.06093698175789,"elapsed":12.06,"frames":360,"position":12.067,"dropOrErrorDelta":0,"rssMean":683620059.4285715,"churn":[],"audioUnderrunDelta":0,"pausedCpuPercent":3.219620569146304}
8/8 baseline warmup: 6s
8/8 baseline measurement: 12s
8/8 baseline paused idle: 2s
baseline {"renderMs":50.23499998450279,"copyMs":0,"cpuPercent":18.633828163874583,"elapsed":12.058,"frames":360,"position":12.067,"dropOrErrorDelta":0,"rssMean":750742966.8571428,"churn":[],"audioUnderrunDelta":0,"pausedCpuPercent":2.7093453273364023}
