results/playback-performance/2026-09-08T22-03-25.163Z
1/8 baseline warmup: 6s
1/8 baseline measurement: 12s
1/8 baseline paused idle: 2s
baseline {"renderMs":1115.1850000545382,"copyMs":781.004999987781,"cpuPercent":57.84667607270313,"elapsed":12.049,"frames":361,"position":12.033000000000001,"dropOrErrorDelta":0,"rssMean":1450302317.7142856,"churn":[],"audioUnderrunDelta":0,"pausedCpuPercent":6.725935162094772}
2/8 candidate warmup: 6s
2/8 candidate measurement: 12s
2/8 candidate paused idle: 2s
candidate {"renderMs":1113.4499999806285,"copyMs":771.9650000780821,"cpuPercent":53.192937173209366,"elapsed":12.049,"frames":362,"position":12.033000000000001,"dropOrErrorDelta":0,"rssMean":1485972626.2857144,"churn":[],"audioUnderrunDelta":0,"pausedCpuPercent":5.299600399600441}
3/8 candidate warmup: 6s
3/8 candidate measurement: 12s
3/8 candidate paused idle: 2s
candidate {"renderMs":1107.1500000059605,"copyMs":768.1149999573827,"cpuPercent":52.33539279189504,"elapsed":12.042,"frames":361,"position":12.033999999999999,"dropOrErrorDelta":0,"rssMean":1497783149.7142856,"churn":[],"audioUnderrunDelta":0,"pausedCpuPercent":6.249476309227004}
4/8 baseline warmup: 6s
4/8 baseline measurement: 12s
4/8 baseline paused idle: 2s
baseline {"renderMs":1110.8700000345707,"copyMs":776.7999999895692,"cpuPercent":57.33514904924021,"elapsed":12.043,"frames":360,"position":12.067,"dropOrErrorDelta":0,"rssMean":1481970249.142857,"churn":[],"audioUnderrunDelta":0,"pausedCpuPercent":7.890872817955256}
5/8 baseline warmup: 6s
5/8 baseline measurement: 12s
5/8 baseline paused idle: 2s
baseline {"renderMs":1088.3100001588464,"copyMs":765.9399999976158,"cpuPercent":57.22066417600664,"elapsed":12.045,"frames":360,"position":12.067,"dropOrErrorDelta":0,"rssMean":1224083748.5714285,"churn":[],"audioUnderrunDelta":0,"pausedCpuPercent":6.891471321695891}
6/8 candidate warmup: 6s
6/8 candidate measurement: 12s
6/8 candidate paused idle: 2s
candidate {"renderMs":895.754999987781,"copyMs":645.2749999910593,"cpuPercent":44.64554134838924,"elapsed":12.044,"frames":360,"position":12.067,"dropOrErrorDelta":0,"rssMean":1280458752,"churn":[],"audioUnderrunDelta":0,"pausedCpuPercent":2.4046906187625896}
7/8 candidate warmup: 6s
7/8 candidate measurement: 12s
7/8 candidate paused idle: 2s
candidate {"renderMs":946.2349999323487,"copyMs":687.9549999162555,"cpuPercent":48.04199518632248,"elapsed":12.049,"frames":360,"position":12.033000000000001,"dropOrErrorDelta":0,"rssMean":1082118729.142857,"churn":[],"audioUnderrunDelta":0,"pausedCpuPercent":2.747226386806651}
8/8 baseline warmup: 6s
8/8 baseline measurement: 12s
8/8 baseline paused idle: 2s
baseline {"renderMs":963.3999999687076,"copyMs":697.7050000801682,"cpuPercent":52.465558135677526,"elapsed":12.058,"frames":367,"position":12.033000000000001,"dropOrErrorDelta":0,"rssMean":1159373970.2857144,"churn":[],"audioUnderrunDelta":0,"pausedCpuPercent":3.741258741258751}
