results/playback-performance/2026-09-08T21-49-58.031Z
1/8 baseline warmup: 6s
1/8 baseline measurement: 12s
1/8 baseline paused idle: 15s
baseline {"renderMs":1589.8450000807643,"copyMs":1388.1300000026822,"cpuPercent":79.4808049792531,"elapsed":12.05,"frames":720,"position":12.049999999999999,"dropOrErrorDelta":0,"rssMean":1407769453.7142856,"churn":[],"audioUnderrunDelta":0,"pausedCpuPercent":3.362434179830705}
2/8 candidate warmup: 6s
2/8 candidate measurement: 12s
2/8 candidate paused idle: 15s
candidate {"renderMs":1552.039999999106,"copyMs":1362.5749999284744,"cpuPercent":71.12452704945237,"elapsed":12.052,"frames":733,"position":12.05,"dropOrErrorDelta":0,"rssMean":1046315008,"churn":[],"audioUnderrunDelta":0,"pausedCpuPercent":3.560606464511821}
3/8 candidate warmup: 6s
3/8 candidate measurement: 12s
3/8 candidate paused idle: 15s
candidate {"renderMs":1464.439999975264,"copyMs":1305.0199999585748,"cpuPercent":68.23005645964795,"elapsed":12.044,"frames":712,"position":12.033333333333333,"dropOrErrorDelta":0,"rssMean":866034834.2857143,"churn":[],"audioUnderrunDelta":0,"pausedCpuPercent":5.103052519328189}
4/8 baseline warmup: 6s
4/8 baseline measurement: 12s
4/8 baseline paused idle: 15s
baseline {"renderMs":1615.1499998271465,"copyMs":1392.8849999681115,"cpuPercent":78.51683554817276,"elapsed":12.04,"frames":721,"position":12.033333333333333,"dropOrErrorDelta":0,"rssMean":870098066.2857143,"churn":[],"audioUnderrunDelta":0,"pausedCpuPercent":4.512250883156715}
5/8 baseline warmup: 6s
5/8 baseline measurement: 12s
5/8 baseline paused idle: 15s
baseline {"renderMs":1538.9399999007583,"copyMs":1344.8350000977516,"cpuPercent":76.78850880106276,"elapsed":12.044,"frames":720,"position":12.05,"dropOrErrorDelta":0,"rssMean":881288338.2857143,"churn":[],"audioUnderrunDelta":0,"pausedCpuPercent":7.438263129832036}
6/8 candidate warmup: 6s
6/8 candidate measurement: 12s
6/8 candidate paused idle: 15s
candidate {"renderMs":1684.4549999386072,"copyMs":1456.2600001096725,"cpuPercent":74.52646399202595,"elapsed":12.039,"frames":725,"position":12.05,"dropOrErrorDelta":0,"rssMean":883694445.7142857,"churn":[],"audioUnderrunDelta":0,"pausedCpuPercent":7.036776859504086}
7/8 candidate warmup: 6s
7/8 candidate measurement: 12s
7/8 candidate paused idle: 15s
candidate {"renderMs":1515.6999998763204,"copyMs":1270.0250000581145,"cpuPercent":68.17332004319304,"elapsed":12.039,"frames":725,"position":12.033333333333335,"dropOrErrorDelta":0,"rssMean":889803337.1428572,"churn":[],"audioUnderrunDelta":0,"pausedCpuPercent":5.241984936346076}
8/8 baseline warmup: 6s
8/8 baseline measurement: 12s
8/8 baseline paused idle: 15s
baseline {"renderMs":1738.0450000241399,"copyMs":1430.7649999782443,"cpuPercent":81.5668050826343,"elapsed":12.041,"frames":720,"position":12.033333333333335,"dropOrErrorDelta":0,"rssMean":893382070.8571428,"churn":[],"audioUnderrunDelta":0,"pausedCpuPercent":8.469710096634474}
