results/playback-performance/2026-09-08T21-57-33.067Z
1/8 baseline warmup: 6s
1/8 baseline measurement: 12s
1/8 baseline paused idle: 2s
baseline {"renderMs":815.5749999284744,"copyMs":153.65999998152256,"cpuPercent":34.23440788928483,"elapsed":12.067,"frames":361,"position":12.099999999999998,"dropOrErrorDelta":0,"rssMean":1289352923.4285715,"churn":[],"audioUnderrunDelta":0,"pausedCpuPercent":2.5457542457542655}
2/8 candidate warmup: 6s
2/8 candidate measurement: 12s
2/8 candidate paused idle: 2s
candidate {"renderMs":737.4050000458956,"copyMs":155.81499998271465,"cpuPercent":31.804956896551733,"elapsed":12.064,"frames":361,"position":12.067,"dropOrErrorDelta":0,"rssMean":1310935332.5714285,"churn":[],"audioUnderrunDelta":0,"pausedCpuPercent":1.7264867566216577}
3/8 candidate warmup: 6s
3/8 candidate measurement: 12s
3/8 candidate paused idle: 2s
candidate {"renderMs":352.5200001001358,"copyMs":86.20999991893768,"cpuPercent":17.649211094502565,"elapsed":12.042,"frames":361,"position":12.033000000000001,"dropOrErrorDelta":0,"rssMean":1116246601.142857,"churn":[],"audioUnderrunDelta":0,"pausedCpuPercent":3.142586120818807}
4/8 baseline warmup: 6s
4/8 baseline measurement: 12s
4/8 baseline paused idle: 2s
baseline {"renderMs":351.2649998739362,"copyMs":88.13500003516674,"cpuPercent":19.16462969113251,"elapsed":12.044,"frames":360,"position":12.033000000000001,"dropOrErrorDelta":0,"rssMean":969602779.4285715,"churn":[],"audioUnderrunDelta":0,"pausedCpuPercent":3.6085871193209855}
5/8 baseline warmup: 6s
5/8 baseline measurement: 12s
5/8 baseline paused idle: 2s
baseline {"renderMs":355.0050000026822,"copyMs":84.58999987691641,"cpuPercent":18.90492320464923,"elapsed":12.045,"frames":360,"position":12.067,"dropOrErrorDelta":0,"rssMean":1080555227.4285715,"churn":[],"audioUnderrunDelta":0,"pausedCpuPercent":3.2667498751871604}
6/8 candidate warmup: 6s
6/8 candidate measurement: 12s
6/8 candidate paused idle: 2s
candidate {"renderMs":356.19999995082617,"copyMs":88.8849999755621,"cpuPercent":18.50230820325473,"elapsed":12.044,"frames":361,"position":12.033000000000001,"dropOrErrorDelta":0,"rssMean":1094420772.5714285,"churn":[],"audioUnderrunDelta":0,"pausedCpuPercent":2.6568715642178935}
7/8 candidate warmup: 6s
7/8 candidate measurement: 12s
7/8 candidate paused idle: 2s
candidate {"renderMs":354.38000001758337,"copyMs":85.69499994814396,"cpuPercent":17.4457218807111,"elapsed":12.038,"frames":361,"position":12.033999999999999,"dropOrErrorDelta":0,"rssMean":1098036955.4285715,"churn":[],"audioUnderrunDelta":0,"pausedCpuPercent":2.8471792311531154}
8/8 baseline warmup: 6s
8/8 baseline measurement: 12s
8/8 baseline paused idle: 2s
baseline {"renderMs":360.0850001350045,"copyMs":88.35499995201826,"cpuPercent":18.817498546632358,"elapsed":12.041,"frames":360,"position":12.067,"dropOrErrorDelta":0,"rssMean":1103277494.857143,"churn":[],"audioUnderrunDelta":0,"pausedCpuPercent":4.702744510978013}
