results/playback-performance/2026-09-08T21-54-38.416Z
1/8 baseline warmup: 6s
1/8 baseline measurement: 12s
1/8 baseline paused idle: 2s
baseline {"renderMs":960.3550000041723,"copyMs":173.80999995023012,"cpuPercent":36.5196319018405,"elapsed":12.062,"frames":360,"position":12.065999999999999,"dropOrErrorDelta":0,"rssMean":1298553709.7142856,"churn":[],"audioUnderrunDelta":0,"pausedCpuPercent":6.954037886340979}
2/8 candidate warmup: 6s
2/8 candidate measurement: 12s
2/8 candidate paused idle: 2s
candidate {"renderMs":841.5899999886751,"copyMs":168.35499998182058,"cpuPercent":34.28861074270557,"elapsed":12.064,"frames":361,"position":12.065999999999999,"dropOrErrorDelta":0,"rssMean":1319455012.5714285,"churn":[],"audioUnderrunDelta":0,"pausedCpuPercent":4.828763708873357}
3/8 candidate warmup: 6s
3/8 candidate measurement: 12s
3/8 candidate paused idle: 2s
candidate {"renderMs":959.3899999856949,"copyMs":183.62500005960464,"cpuPercent":38.51894780447391,"elapsed":12.07,"frames":361,"position":12.099999999999998,"dropOrErrorDelta":0,"rssMean":1324288292.5714285,"churn":[],"audioUnderrunDelta":0,"pausedCpuPercent":1.7517224163755556}
4/8 baseline warmup: 6s
4/8 baseline measurement: 12s
4/8 baseline paused idle: 2s
baseline {"renderMs":911.8100000396371,"copyMs":169.2299998626113,"cpuPercent":36.05305580893938,"elapsed":12.059,"frames":360,"position":12.033000000000001,"dropOrErrorDelta":0,"rssMean":1268622482.2857144,"churn":[],"audioUnderrunDelta":0,"pausedCpuPercent":7.151146560319015}
5/8 baseline warmup: 6s
5/8 baseline measurement: 12s
5/8 baseline paused idle: 2s
baseline {"renderMs":809.400000013411,"copyMs":155.47999998182058,"cpuPercent":31.705231304924542,"elapsed":12.062,"frames":360,"position":12.033000000000001,"dropOrErrorDelta":0,"rssMean":1239473005.7142856,"churn":[],"audioUnderrunDelta":0,"pausedCpuPercent":6.059920239282143}
6/8 candidate warmup: 6s
6/8 candidate measurement: 12s
6/8 candidate paused idle: 2s
candidate {"renderMs":738.7799999639392,"copyMs":155.79499994963408,"cpuPercent":29.012997347480145,"elapsed":12.064,"frames":367,"position":12.067,"dropOrErrorDelta":0,"rssMean":1125285888,"churn":[],"audioUnderrunDelta":0,"pausedCpuPercent":5.763740648379143}
7/8 candidate warmup: 6s
7/8 candidate measurement: 12s
7/8 candidate paused idle: 2s
candidate {"renderMs":422.31000004708767,"copyMs":94.59499999135733,"cpuPercent":18.407698696121574,"elapsed":12.041,"frames":361,"position":12.033999999999999,"dropOrErrorDelta":0,"rssMean":1151933293.7142856,"churn":[],"audioUnderrunDelta":0,"pausedCpuPercent":5.7341816367266905}
8/8 baseline warmup: 6s
8/8 baseline measurement: 12s
8/8 baseline paused idle: 2s
baseline {"renderMs":970.6350000947714,"copyMs":187.65499988943338,"cpuPercent":38.95910447761194,"elapsed":12.06,"frames":360,"position":12.033000000000001,"dropOrErrorDelta":0,"rssMean":1163474651.4285715,"churn":[],"audioUnderrunDelta":0,"pausedCpuPercent":4.51048427358949}
