results/playback-performance/2026-09-08T22-00-28.398Z
1/8 baseline warmup: 6s
1/8 baseline measurement: 12s
1/8 baseline paused idle: 2s
baseline {"renderMs":168.7650000974536,"copyMs":130.72999995201826,"cpuPercent":23.21515628886494,"elapsed":12.061,"frames":360,"position":12.065999999999999,"dropOrErrorDelta":0,"rssMean":1199456256,"churn":[],"audioUnderrunDelta":0,"pausedCpuPercent":1.9295852073963171}
2/8 candidate warmup: 6s
2/8 candidate measurement: 12s
2/8 candidate paused idle: 2s
candidate {"renderMs":90.8449999243021,"copyMs":80.77499999850988,"cpuPercent":13.136037532176367,"elapsed":12.043,"frames":360,"position":12.033999999999999,"dropOrErrorDelta":0,"rssMean":1233733924.5714285,"churn":[],"audioUnderrunDelta":0,"pausedCpuPercent":6.13771798704533}
3/8 candidate warmup: 6s
3/8 candidate measurement: 12s
3/8 candidate paused idle: 2s
candidate {"renderMs":153.0500001013279,"copyMs":135.57499992102385,"cpuPercent":20.198340386689893,"elapsed":12.051,"frames":361,"position":12.033000000000001,"dropOrErrorDelta":0,"rssMean":1241921243.4285715,"churn":[],"audioUnderrunDelta":0,"pausedCpuPercent":3.28706293706291}
4/8 baseline warmup: 6s
4/8 baseline measurement: 12s
4/8 baseline paused idle: 2s
baseline {"renderMs":96.38000001758337,"copyMs":86.17500002682209,"cpuPercent":14.981233975684386,"elapsed":12.091,"frames":366,"position":12.065999999999999,"dropOrErrorDelta":0,"rssMean":952116370.2857143,"churn":[],"audioUnderrunDelta":0,"pausedCpuPercent":2.107046476761613}
5/8 baseline warmup: 6s
5/8 baseline measurement: 12s
5/8 baseline paused idle: 2s
baseline {"renderMs":139.2249999344349,"copyMs":114.15000005811453,"cpuPercent":18.647311203319507,"elapsed":12.05,"frames":360,"position":12.033000000000001,"dropOrErrorDelta":0,"rssMean":1126369572.5714285,"churn":[],"audioUnderrunDelta":0,"pausedCpuPercent":2.175087368946584}
6/8 candidate warmup: 6s
6/8 candidate measurement: 12s
6/8 candidate paused idle: 2s
candidate {"renderMs":233.08000000566244,"copyMs":175.57000013440847,"cpuPercent":29.173127643692442,"elapsed":12.057,"frames":367,"position":12.033000000000001,"dropOrErrorDelta":0,"rssMean":1140162560,"churn":[],"audioUnderrunDelta":0,"pausedCpuPercent":1.8074887668497217}
7/8 candidate warmup: 6s
7/8 candidate measurement: 12s
7/8 candidate paused idle: 2s
candidate {"renderMs":279.2200000807643,"copyMs":193.0199999138713,"cpuPercent":31.85967996020232,"elapsed":12.061,"frames":367,"position":12.099999999999998,"dropOrErrorDelta":0,"rssMean":1152708022.857143,"churn":[],"audioUnderrunDelta":0,"pausedCpuPercent":1.7804097951024462}
8/8 baseline warmup: 6s
8/8 baseline measurement: 12s
8/8 baseline paused idle: 2s
baseline {"renderMs":257.14000003039837,"copyMs":194.27000004798174,"cpuPercent":31.917702635504725,"elapsed":12.066,"frames":360,"position":12.033000000000001,"dropOrErrorDelta":0,"rssMean":1157583433.142857,"churn":[],"audioUnderrunDelta":0,"pausedCpuPercent":6.371022443890381}
