
> webmpv@0.2.0 test:automatic-selection
> npm run build && node --test tests/native-selection.mjs && node tests/automatic-selection.mjs


> webmpv@0.2.0 build
> tsc

✔ Native checks the selected audio, not every available track (0.572ms)
✔ Disabled subtitles do not disqualify Native; enabled embedded subtitles do (0.0825ms)
✔ Unknown audio profiles and unsupported browser MIME fail qualification (0.075792ms)
✔ Native packaging checks include MP4 for VP9 with AAC and platform Dolby audio (0.140167ms)
✔ AAC ASC profiles are probed with their actual object type (0.091333ms)
ℹ tests 5
ℹ suites 0
ℹ pass 5
ℹ fail 0
ℹ cancelled 0
ℹ skipped 0
ℹ todo 0
ℹ duration_ms 91.871292
results/automatic-selection/run-2026-09-10T01-21-10.273Z
PASS native-direct
PASS native-remux
PASS embedded-ass
PASS incompatible-native-audio
PASS software-codec
PASS browser-rejection
PASS reselect-new-source
PASS automatic-filters
PASS explicit-mode-pins
PASS runtime-recovery
PASS native-runtime-remux
PASS subtitle-enable-reselect
PASS source-identity-is-terminal
PASS range-change-does-not-fallback
PASS remote-authorization
PASS disabled-tracks-survive-reselection
PASS all-routes-fail-rollback
PASS selected-language-survives-filters
PASS second-failure-during-recovery
PASS identity-survives-decoder-fallback
PASS destroy-during-stalled-probe-import
PASS destroy-during-probe
