results/automatic-selection/run-2026-09-10T04-39-12.778Z
PASS native-direct
PASS native-remux
PASS embedded-ass
PASS incompatible-native-audio
PASS software-codec
PASS browser-rejection
PASS reselect-new-source
PASS automatic-filters
PASS explicit-mode-pins
PASS runtime-recovery
PASS native-runtime-remux
PASS subtitle-enable-reselect
PASS source-identity-is-terminal
PASS range-change-does-not-fallback
PASS remote-authorization
PASS disabled-tracks-survive-reselection
PASS all-routes-fail-rollback
PASS selected-language-survives-filters
PASS second-failure-during-recovery
PASS identity-survives-decoder-fallback
PASS destroy-during-stalled-probe-import
PASS destroy-during-probe
