2026-09-07T01:41:00.895Z pw:browser <launching> /Applications/Google Chrome.app/Contents/MacOS/Google Chrome --disable-field-trial-config --disable-background-networking --disable-background-timer-throttling --disable-backgrounding-occluded-windows --disable-back-forward-cache --disable-breakpad --disable-client-side-phishing-detection --disable-component-extensions-with-background-pages --disable-component-update --no-default-browser-check --disable-default-apps --disable-dev-shm-usage --disable-extensions --disable-features=AvoidUnnecessaryBeforeUnloadCheckSync,BoundaryEventDispatchTracksNodeRemoval,DestroyProfileOnBrowserClose,DialMediaRouteProvider,GlobalMediaControls,HttpsUpgrades,LensOverlay,MediaRouter,PaintHolding,ThirdPartyStoragePartitioning,Translate,AutoDeElevate,RenderDocument,OptimizationHints --enable-features=CDPScreenshotNewSurface --allow-pre-commit-input --disable-hang-monitor --disable-ipc-flooding-protection --disable-popup-blocking --disable-prompt-on-repost --disable-renderer-backgrounding --force-color-profile=srgb --metrics-recording-only --no-first-run --password-store=basic --use-mock-keychain --no-service-autorun --export-tagged-pdf --disable-search-engine-choice-screen --unsafely-disable-devtools-self-xss-warnings --edge-skip-compat-layer-relaunch --enable-automation --disable-infobars --disable-search-engine-choice-screen --disable-sync --no-sandbox --autoplay-policy=no-user-gesture-required --disable-background-timer-throttling --disable-backgrounding-occluded-windows --disable-renderer-backgrounding --user-data-dir=/var/folders/p2/hs2582qs5672qbvtm4z5_9840000gn/T/playwright_chromiumdev_profile-N7jwMc --remote-debugging-pipe --no-startup-window
2026-09-07T01:41:00.896Z pw:browser <launched> pid=68094
2026-09-07T01:41:01.571Z pw:browser [pid=68094][err] Trying to load the allocator multiple times. This is *not* supported.
2026-09-07T01:41:01.988Z pw:browser [pid=68094][err] [68111:7825634:0906/214101.987997:ERROR:sandbox/mac/system_services.cc:31] SetApplicationIsDaemon: Error Domain=NSOSStatusErrorDomain Code=-50 "paramErr: error in user parameter list" (-50)
2026-09-07T01:41:03.891Z pw:browser [pid=68094][err] [68094:7825392:0906/214103.891336:ERROR:google_apis/gcm/engine/registration_request.cc:291] Registration response error message: PHONE_REGISTRATION_ERROR
2026-09-07T01:41:03.891Z pw:browser [pid=68094][err] [68094:7825392:0906/214103.891406:ERROR:google_apis/gcm/engine/registration_request.cc:291] Registration response error message: PHONE_REGISTRATION_ERROR
2026-09-07T01:41:03.897Z pw:browser [pid=68094][err] [68094:7825392:0906/214103.897700:ERROR:google_apis/gcm/engine/registration_request.cc:291] Registration response error message: PHONE_REGISTRATION_ERROR
{"elapsedSeconds":5,"position":5.266666666666667,"frames":160,"drops":0,"heapMiB":128,"rssMiB":1115,"underruns":0,"signals":12}
2026-09-07T01:41:20.307Z pw:browser [pid=68094][err] [68155:7826040:0906/214120.307116:VERBOSE1:chrome/updater/updater.cc:374] Version: 152.0.7933.0, opt, ARM_64, command line: /Users/jagatranvo/Library/Application Support/Google/GoogleUpdater/152.0.7933.0/GoogleUpdater.app/Contents/MacOS/GoogleUpdater --wake-all --enable-logging --vmodule=*/components/update_client/*=2,*/chrome/enterprise_companion/*=2,*/chrome/updater/*=2
2026-09-07T01:41:20.310Z pw:browser [pid=68094][err] [68155:7826040:0906/214120.307708:VERBOSE1:chrome/updater/updater.cc:377] OS version: 26.5.2, arch: arm64, System uptime (seconds): 123316, parent pid: 68094
2026-09-07T01:41:20.310Z pw:browser [pid=68094][err] [68155:7826040:0906/214120.309996:VERBOSE1:chrome/updater/updater.cc:382] Available disk space in install directory (/Users/jagatranvo/Library/Application Support/Google/GoogleUpdater): 10716741632B (9.981GiB) / 245107195904B (228.274GiB)
2026-09-07T01:41:20.310Z pw:browser [pid=68094][err] [68155:7826040:0906/214120.310115:VERBOSE1:chrome/updater/updater.cc:386] Available disk space in temporary directory (/var/folders/p2/hs2582qs5672qbvtm4z5_9840000gn/T/): 10716741632B (9.981GiB) / 245107195904B (228.274GiB)
2026-09-07T01:41:20.310Z pw:browser [pid=68094][err] [68155:7826040:0906/214120.310228:VERBOSE2:chrome/updater/event_history.cc:265] Emitted a UPDATER_PROCESS START event to the history log
2026-09-07T01:41:20.320Z pw:browser [pid=68094][err] [68157:7826044:0906/214120.320336:VERBOSE1:chrome/updater/updater.cc:374] Version: 152.0.7933.0, opt, ARM_64, command line: /Users/jagatranvo/Library/Application Support/Google/GoogleUpdater/152.0.7933.0/GoogleUpdater.app/Contents/MacOS/GoogleUpdater --crash-handler --database=/Users/jagatranvo/Library/Application Support/Google/GoogleUpdater/152.0.7933.0/Crashpad --url=https://clients2.google.com/cr/report --annotation=prod=Update4 --annotation=ver=152.0.7933.0 --handshake-fd=6 --enable-logging --vmodule=*/components/update_client/*=2,*/chrome/enterprise_companion/*=2,*/chrome/updater/*=2
2026-09-07T01:41:20.322Z pw:browser [pid=68094][err] [68157:7826044:0906/214120.320869:VERBOSE1:chrome/updater/updater.cc:377] OS version: 26.5.2, arch: arm64, System uptime (seconds): 123316, parent pid: 1
2026-09-07T01:41:20.322Z pw:browser [pid=68094][err] [68157:7826044:0906/214120.322408:VERBOSE1:chrome/updater/updater.cc:382] Available disk space in install directory (/Users/jagatranvo/Library/Application Support/Google/GoogleUpdater): 10716741632B (9.981GiB) / 245107195904B (228.274GiB)
2026-09-07T01:41:20.322Z pw:browser [pid=68094][err] [68157:7826044:0906/214120.322421:VERBOSE1:chrome/updater/updater.cc:386] Available disk space in temporary directory (/var/folders/p2/hs2582qs5672qbvtm4z5_9840000gn/T/): 10716741632B (9.981GiB) / 245107195904B (228.274GiB)
2026-09-07T01:41:20.322Z pw:browser [pid=68094][err] [68157:7826044:0906/214120.322496:VERBOSE2:chrome/updater/event_history.cc:265] Emitted a UPDATER_PROCESS START event to the history log
2026-09-07T01:41:20.322Z pw:browser [pid=68094][err] [68155:7826040:0906/214120.322870:VERBOSE1:chrome/updater/crash_reporter.cc:124] Crash handler launched and ready.
2026-09-07T01:41:20.323Z pw:browser [pid=68094][err] [68155:7826040:0906/214120.323503:VERBOSE1:chrome/updater/crash_client.cc:108] Found 0 completed crash reports
2026-09-07T01:41:20.323Z pw:browser [pid=68094][err] [68155:7826040:0906/214120.323578:VERBOSE1:chrome/updater/crash_client.cc:132] Found 0 pending crash reports
2026-09-07T01:41:20.323Z pw:browser [pid=68094][err] [68155:7826040:0906/214120.323645:ERROR:third_party/crashpad/crashpad/util/file/file_io_posix.cc:145] open /Users/jagatranvo/Library/Application Support/Google/RLZ/Crashpad/settings.dat: No such file or directory (2)
2026-09-07T01:41:20.323Z pw:browser [pid=68094][err] [68155:7826040:0906/214120.323840:VERBOSE1:chrome/updater/updater.cc:105] Crash reporting initialized.
2026-09-07T01:41:20.324Z pw:browser [pid=68094][err] [68155:7826052:0906/214120.324072:VERBOSE1:chrome/updater/app/app_wakeall.cc:58] Launching `/Users/jagatranvo/Library/Application Support/Google/GoogleUpdater/152.0.7933.0/GoogleUpdater.app/Contents/MacOS/GoogleUpdater --wake`
2026-09-07T01:41:20.332Z pw:browser [pid=68094][err] [68158:7826056:0906/214120.331660:VERBOSE1:chrome/updater/updater.cc:374] Version: 152.0.7933.0, opt, ARM_64, command line: /Users/jagatranvo/Library/Application Support/Google/GoogleUpdater/152.0.7933.0/GoogleUpdater.app/Contents/MacOS/GoogleUpdater --wake --enable-logging --vmodule=*/components/update_client/*=2,*/chrome/enterprise_companion/*=2,*/chrome/updater/*=2
2026-09-07T01:41:20.333Z pw:browser [pid=68094][err] [68158:7826056:0906/214120.332138:VERBOSE1:chrome/updater/updater.cc:377] OS version: 26.5.2, arch: arm64, System uptime (seconds): 123316, parent pid: 68155
2026-09-07T01:41:20.333Z pw:browser [pid=68094][err] [68158:7826056:0906/214120.333613:VERBOSE1:chrome/updater/updater.cc:382] Available disk space in install directory (/Users/jagatranvo/Library/Application Support/Google/GoogleUpdater): 10716741632B (9.981GiB) / 245107195904B (228.274GiB)
2026-09-07T01:41:20.333Z pw:browser [pid=68094][err] [68158:7826056:0906/214120.333626:VERBOSE1:chrome/updater/updater.cc:386] Available disk space in temporary directory (/var/folders/p2/hs2582qs5672qbvtm4z5_9840000gn/T/): 10716741632B (9.981GiB) / 245107195904B (228.274GiB)
2026-09-07T01:41:20.333Z pw:browser [pid=68094][err] [68158:7826056:0906/214120.333691:VERBOSE2:chrome/updater/event_history.cc:265] Emitted a UPDATER_PROCESS START event to the history log
2026-09-07T01:41:20.343Z pw:browser [pid=68094][err] [68160:7826060:0906/214120.342825:VERBOSE1:chrome/updater/updater.cc:374] Version: 152.0.7933.0, opt, ARM_64, command line: /Users/jagatranvo/Library/Application Support/Google/GoogleUpdater/152.0.7933.0/GoogleUpdater.app/Contents/MacOS/GoogleUpdater --crash-handler --database=/Users/jagatranvo/Library/Application Support/Google/GoogleUpdater/152.0.7933.0/Crashpad --url=https://clients2.google.com/cr/report --annotation=prod=Update4 --annotation=ver=152.0.7933.0 --handshake-fd=6 --enable-logging --vmodule=*/components/update_client/*=2,*/chrome/enterprise_companion/*=2,*/chrome/updater/*=2
2026-09-07T01:41:20.345Z pw:browser [pid=68094][err] [68160:7826060:0906/214120.343461:VERBOSE1:chrome/updater/updater.cc:377] OS version: 26.5.2, arch: arm64, System uptime (seconds): 123316, parent pid: 1
2026-09-07T01:41:20.345Z pw:browser [pid=68094][err] [68160:7826060:0906/214120.345070:VERBOSE1:chrome/updater/updater.cc:382] Available disk space in install directory (/Users/jagatranvo/Library/Application Support/Google/GoogleUpdater): 10716741632B (9.981GiB) / 245107195904B (228.274GiB)
2026-09-07T01:41:20.345Z pw:browser [pid=68094][err] [68160:7826060:0906/214120.345083:VERBOSE1:chrome/updater/updater.cc:386] Available disk space in temporary directory (/var/folders/p2/hs2582qs5672qbvtm4z5_9840000gn/T/): 10716741632B (9.981GiB) / 245107195904B (228.274GiB)
2026-09-07T01:41:20.345Z pw:browser [pid=68094][err] [68160:7826060:0906/214120.345155:VERBOSE2:chrome/updater/event_history.cc:265] Emitted a UPDATER_PROCESS START event to the history log
2026-09-07T01:41:20.345Z pw:browser [pid=68094][err] [68158:7826056:0906/214120.345556:VERBOSE1:chrome/updater/crash_reporter.cc:124] Crash handler launched and ready.
2026-09-07T01:41:20.346Z pw:browser [pid=68094][err] [68158:7826056:0906/214120.346236:VERBOSE1:chrome/updater/crash_client.cc:108] Found 0 completed crash reports
2026-09-07T01:41:20.346Z pw:browser [pid=68094][err] [68158:7826056:0906/214120.346314:VERBOSE1:chrome/updater/crash_client.cc:132] Found 0 pending crash reports
2026-09-07T01:41:20.346Z pw:browser [pid=68094][err] [68158:7826056:0906/214120.346399:ERROR:third_party/crashpad/crashpad/util/file/file_io_posix.cc:145] open /Users/jagatranvo/Library/Application Support/Google/RLZ/Crashpad/settings.dat: No such file or directory (2)
2026-09-07T01:41:20.346Z pw:browser [pid=68094][err] [68158:7826056:0906/214120.346595:VERBOSE1:chrome/updater/updater.cc:105] Crash reporting initialized.
2026-09-07T01:41:20.346Z pw:browser [pid=68094][err] [68158:7826056:0906/214120.346758:VERBOSE1:chrome/updater/ipc/update_service_internal_proxy_mojo.cc:61] Run
2026-09-07T01:41:26.738Z pw:browser [pid=68094][err] [68094:7825392:0906/214126.738574:ERROR:google_apis/gcm/engine/registration_request.cc:291] Registration response error message: DEPRECATED_ENDPOINT
2026-09-07T01:41:37.547Z pw:browser [pid=68094][err] [68158:7826056:0906/214137.547468:VERBOSE1:chrome/updater/app/app.cc:52] Shutdown: 0
2026-09-07T01:41:37.567Z pw:browser [pid=68094][err] [68158:7826056:0906/214137.547770:VERBOSE2:chrome/updater/event_history.cc:265] Emitted a UPDATER_PROCESS END event to the history log
2026-09-07T01:41:37.568Z pw:browser [pid=68094][err] [68158:7826056:0906/214137.547787:VERBOSE1:chrome/updater/updater.cc:419] UpdaterMain (--wake) returned 0.
2026-09-07T01:41:37.633Z pw:browser [pid=68094][err] [68155:7826052:0906/214137.633273:VERBOSE1:chrome/updater/app/app_wakeall.cc:68] `/Users/jagatranvo/Library/Application Support/Google/GoogleUpdater/152.0.7933.0/GoogleUpdater.app/Contents/MacOS/GoogleUpdater --wake` exited 0
2026-09-07T01:41:37.633Z pw:browser [pid=68094][err] [68155:7826040:0906/214137.633389:VERBOSE1:chrome/updater/app/app.cc:52] Shutdown: 0
2026-09-07T01:41:37.633Z pw:browser [pid=68094][err] [68155:7826040:0906/214137.633670:VERBOSE2:chrome/updater/event_history.cc:265] Emitted a UPDATER_PROCESS END event to the history log
2026-09-07T01:41:37.633Z pw:browser [pid=68094][err] [68155:7826040:0906/214137.633685:VERBOSE1:chrome/updater/updater.cc:419] UpdaterMain (--wake-all) returned 0.
2026-09-07T01:41:47.555Z pw:browser [pid=68094][err] [68160:7826060:0906/214147.555717:VERBOSE2:chrome/updater/event_history.cc:265] Emitted a UPDATER_PROCESS END event to the history log
2026-09-07T01:41:47.636Z pw:browser [pid=68094][err] [68160:7826060:0906/214147.555739:VERBOSE1:chrome/updater/updater.cc:419] UpdaterMain (--crash-handler) returned 0.
2026-09-07T01:41:47.636Z pw:browser [pid=68094][err] [68157:7826044:0906/214147.556476:VERBOSE2:chrome/updater/event_history.cc:265] Emitted a UPDATER_PROCESS END event to the history log
2026-09-07T01:41:47.636Z pw:browser [pid=68094][err] [68157:7826044:0906/214147.556504:VERBOSE1:chrome/updater/updater.cc:419] UpdaterMain (--crash-handler) returned 0.
{"elapsedSeconds":66,"position":66.6,"frames":1997,"drops":0,"heapMiB":128,"rssMiB":1186,"underruns":0,"signals":134}
2026-09-07T01:42:17.060Z pw:browser [pid=68094][err] [68094:7825392:0906/214217.060344:ERROR:google_apis/gcm/engine/registration_request.cc:291] Registration response error message: DEPRECATED_ENDPOINT
{"elapsedSeconds":128,"position":128,"frames":3839,"drops":0,"heapMiB":128,"rssMiB":1125,"underruns":0,"signals":258}
2026-09-07T01:44:04.552Z pw:browser [pid=68094][err] [68094:7825392:0906/214404.552357:ERROR:google_apis/gcm/engine/registration_request.cc:291] Registration response error message: DEPRECATED_ENDPOINT
{"elapsedSeconds":189,"position":189.26666666666665,"frames":5681,"drops":0,"heapMiB":128,"rssMiB":1127,"underruns":0,"signals":380}
{"elapsedSeconds":250,"position":250.56666666666666,"frames":7517,"drops":0,"heapMiB":128,"rssMiB":1128,"underruns":0,"signals":502}
{"elapsedSeconds":312,"position":311.9,"frames":9359,"drops":0,"heapMiB":128,"rssMiB":1107,"underruns":0,"signals":624}
2026-09-07T01:47:10.137Z pw:browser [pid=68094][err] [68094:7825392:0906/214710.137413:ERROR:google_apis/gcm/engine/registration_request.cc:291] Registration response error message: DEPRECATED_ENDPOINT
{"elapsedSeconds":373,"position":373.26666666666665,"frames":11201,"drops":0,"heapMiB":128,"rssMiB":1160,"underruns":0,"signals":748}
{"elapsedSeconds":434,"position":434.59999999999997,"frames":13037,"drops":0,"heapMiB":128,"rssMiB":1170,"underruns":0,"signals":870}
{"elapsedSeconds":496,"position":496,"frames":14879,"drops":0,"heapMiB":128,"rssMiB":1201,"underruns":0,"signals":994}
{"elapsedSeconds":557,"position":557.3333333333334,"frames":16721,"drops":0,"heapMiB":128,"rssMiB":1250,"underruns":0,"signals":1116}
{"elapsedSeconds":619,"position":618.6333333333333,"frames":18557,"drops":0,"heapMiB":128,"rssMiB":1271,"underruns":0,"signals":1238}
{"elapsedSeconds":680,"position":680,"frames":20399,"drops":0,"heapMiB":128,"rssMiB":1106,"underruns":0,"signals":1362}
{"elapsedSeconds":741,"position":741.3333333333334,"frames":22241,"drops":0,"heapMiB":128,"rssMiB":1085,"underruns":0,"signals":1484}
2026-09-07T01:53:40.707Z pw:browser [pid=68094][err] [68094:7825392:0906/215340.707482:ERROR:google_apis/gcm/engine/registration_request.cc:291] Registration response error message: DEPRECATED_ENDPOINT
{"elapsedSeconds":803,"position":802.6666666666666,"frames":24082,"drops":0,"heapMiB":128,"rssMiB":1094,"underruns":0,"signals":1606}
{"elapsedSeconds":864,"position":864.0333333333333,"frames":25918,"drops":0,"heapMiB":128,"rssMiB":1103,"underruns":0,"signals":1730}
{"elapsedSeconds":925,"position":925.3333333333334,"frames":27760,"drops":0,"heapMiB":128,"rssMiB":1110,"underruns":0,"signals":1852}
{"elapsedSeconds":987,"position":986.7333333333333,"frames":29602,"drops":0,"heapMiB":128,"rssMiB":1118,"underruns":0,"signals":1974}
{"elapsedSeconds":1048,"position":1048.1,"frames":31444,"drops":0,"heapMiB":128,"rssMiB":1070,"underruns":0,"signals":2098}
{"elapsedSeconds":1109,"position":1109.4,"frames":33280,"drops":0,"heapMiB":128,"rssMiB":1076,"underruns":0,"signals":2220}
{"elapsedSeconds":1171,"position":1170.7666666666667,"frames":35122,"drops":0,"heapMiB":128,"rssMiB":1075,"underruns":0,"signals":2342}
{"elapsedSeconds":1232,"position":1232.1333333333332,"frames":36964,"drops":0,"heapMiB":128,"rssMiB":1073,"underruns":0,"signals":2466}
{"elapsedSeconds":1293,"position":1293.5,"frames":38806,"drops":0,"heapMiB":128,"rssMiB":1076,"underruns":0,"signals":2588}
{"elapsedSeconds":1355,"position":1354.8333333333333,"frames":40642,"drops":0,"heapMiB":128,"rssMiB":1076,"underruns":0,"signals":2710}
{"elapsedSeconds":1416,"position":1416.1333333333332,"frames":42484,"drops":0,"heapMiB":128,"rssMiB":1078,"underruns":0,"signals":2834}
{"elapsedSeconds":1477,"position":1477.5,"frames":44326,"drops":0,"heapMiB":128,"rssMiB":1071,"underruns":0,"signals":2956}
{"elapsedSeconds":1539,"position":1538.8,"frames":46162,"drops":0,"heapMiB":128,"rssMiB":1050,"underruns":0,"signals":3078}
{"elapsedSeconds":1600,"position":1600.2,"frames":48004,"drops":0,"heapMiB":128,"rssMiB":1054,"underruns":0,"signals":3202}
{"elapsedSeconds":1661,"position":1661.5,"frames":49846,"drops":0,"heapMiB":128,"rssMiB":1056,"underruns":0,"signals":3324}
{"elapsedSeconds":1723,"position":1722.8333333333333,"frames":51682,"drops":0,"heapMiB":128,"rssMiB":1055,"underruns":0,"signals":3446}
{"elapsedSeconds":1784,"position":1784.2,"frames":53525,"drops":0,"heapMiB":128,"rssMiB":1082,"underruns":0,"signals":3570}
{"elapsedSeconds":1846,"position":44.833333333333336,"frames":55346,"drops":0,"heapMiB":128,"rssMiB":1080,"underruns":301,"signals":3691}
{"elapsedSeconds":1907,"position":106.2,"frames":57188,"drops":0,"heapMiB":128,"rssMiB":1083,"underruns":301,"signals":3815}
{"elapsedSeconds":1968,"position":167.53333333333333,"frames":59030,"drops":0,"heapMiB":128,"rssMiB":1090,"underruns":301,"signals":3937}
{"elapsedSeconds":2030,"position":228.86666666666667,"frames":60866,"drops":0,"heapMiB":128,"rssMiB":1083,"underruns":301,"signals":4059}
{"elapsedSeconds":2091,"position":290.1666666666667,"frames":62706,"drops":0,"heapMiB":128,"rssMiB":711,"underruns":301,"signals":4183}
page.waitForTimeout: Target page, context or browser has been closed
    at /Volumes/seed2/Projects/webmpv/tests/m2-long.mjs:34:14
2026-09-07T02:16:46.043Z pw:browser [pid=68094] <gracefully close start>
2026-09-07T02:16:46.138Z pw:browser [pid=68094] <process did exit: exitCode=0, signal=null>
2026-09-07T02:16:46.138Z pw:browser [pid=68094] starting temporary directories cleanup
2026-09-07T02:16:46.159Z pw:browser [pid=68094] finished temporary directories cleanup
2026-09-07T02:16:46.159Z pw:browser [pid=68094] <gracefully close end>
