✔ PCM ring wraps and handles actual output quantum length (1.207584ms)
✔ underrun silence never advances media consumption (0.657667ms)
✔ pause and generation reset suppress queued stale PCM (0.798541ms)
✔ closed output processor releases its processing lifetime (0.369333ms)
✔ ordinary 200 resource, relative URL, bounded reads and close accounting (12.162458ms)
✔ explicit range preserves absolute resource offsets and total size (0.735667ms)
✔ requested ranges reject 200, malformed ranges and changed lengths (0.759375ms)
✔ origin, protocol, embedded credentials and URL length are checked before fetch (0.775292ms)
✔ nested authorization refresh receives resource URL and updates only that request (1.103583ms)
✔ refresh cannot redirect credentials to an unapproved origin (0.353125ms)
✔ bounded transient HTTP retry and truncation recovery (305.046083ms)
✔ unknown-length bodies cannot exceed media resource cap (5.703875ms)
✔ aggregate retention limit is enforced across handles and reclaimed on close (18.664916ms)
✔ handle count is bounded independently of body size (4.584917ms)
✔ destroy cancels pending authorization and rejects stale completion (0.698792ms)
✔ epoch cancellation discards a response even if transport ignores abort (0.501125ms)
✔ manifest admission rejects live, encrypted and adaptive HLS (1.099291ms)
✔ DASH admission accepts fixed static and rejects live, adaptive, entities and multiple periods (1.322167ms)
✔ HLS subtitle policy admits one full-timeline resource and rejects segmented subtitles (1.076166ms)
✔ HLS timestamp discontinuities are rejected pending native timeline qualification (0.170958ms)
✔ DASH timeline and template resource counts are bounded (0.398167ms)
ℹ tests 21
ℹ suites 0
ℹ pass 21
ℹ fail 0
ℹ cancelled 0
ℹ skipped 0
ℹ todo 0
ℹ duration_ms 440.568083
