✔ PCM ring wraps and handles actual output quantum length (2.567666ms)
✔ underrun silence never advances media consumption (3.343875ms)
✔ pause and generation reset suppress queued stale PCM (7.369875ms)
✔ closed output processor releases its processing lifetime (1.214791ms)
✔ 64-bit positions and bounded LRU (907.671625ms)
✔ reject ignore-range (45.135875ms)
✔ reject bad-range (23.568583ms)
✔ reject encoded (15.4595ms)
✔ reject forbidden (8.112416ms)
✔ representation changes are terminal (29.669708ms)
✔ recover truncate without false EOF (114.952ms)
✔ recover retry without false EOF (231.066084ms)
✔ 401 renewal and default redirect rejection (4126.464708ms)
✔ supersede blocked read and reuse source; close cancels (160.17275ms)
✔ ordinary 200 resource, relative URL, bounded reads and close accounting (147.097459ms)
✔ explicit range preserves absolute resource offsets and total size (1.632709ms)
✔ requested ranges reject 200, malformed ranges and changed lengths (3.2375ms)
✔ origin, protocol, embedded credentials and URL length are checked before fetch (1.850542ms)
✔ nested authorization refresh receives resource URL and updates only that request (6.234083ms)
✔ refresh cannot redirect credentials to an unapproved origin (1.129958ms)
✔ bounded transient HTTP retry and truncation recovery (388.188833ms)
✔ unknown-length bodies cannot exceed media resource cap (6.327583ms)
✔ aggregate retention limit is enforced across handles and reclaimed on close (23.380708ms)
✔ handle count is bounded independently of body size (4.654625ms)
✔ destroy cancels pending authorization and rejects stale completion (3.373ms)
✔ epoch cancellation discards a response even if transport ignores abort (1.970292ms)
✔ manifest admission rejects live, encrypted and adaptive HLS (2.787666ms)
✔ DASH admission accepts fixed static and rejects live, adaptive, entities and multiple periods (1.666375ms)
✔ HLS subtitle policy admits one full-timeline resource and rejects segmented subtitles (1.0235ms)
✔ fixed HLS discontinuities remain native timeline input (0.081208ms)
✔ DASH timeline and template resource counts are bounded (0.513917ms)
ℹ tests 31
ℹ suites 0
ℹ pass 31
ℹ fail 0
ℹ cancelled 0
ℹ skipped 0
ℹ todo 0
ℹ duration_ms 5981.869834
