✖ disconnect during metadata lookup does not leave a phantom active request (2.151791ms)
  AssertionError [ERR_ASSERTION]: Expected values to be strictly equal:
  
  1 !== 0
  
      at TestContext.<anonymous> (file:///Volumes/seed2/Projects/webmpv/tests/s1-server.mjs:24:9)
      at async Test.run (node:internal/test_runner/test:932:9)
      at async startSubtestAfterBootstrap (node:internal/test_runner/harness:297:3) {
    generatedMessage: true,
    code: 'ERR_ASSERTION',
    actual: 1,
    expected: 0,
    operator: 'strictEqual'
  }

ℹ tests 1
ℹ suites 0
ℹ pass 0
ℹ fail 1
ℹ cancelled 0
ℹ skipped 0
ℹ todo 0
ℹ duration_ms 99.472333

✖ failing tests:

test at tests/s1-server.mjs:14:1
✖ disconnect during metadata lookup does not leave a phantom active request (2.151791ms)
  AssertionError [ERR_ASSERTION]: Expected values to be strictly equal:
  
  1 !== 0
  
      at TestContext.<anonymous> (file:///Volumes/seed2/Projects/webmpv/tests/s1-server.mjs:24:9)
      at async Test.run (node:internal/test_runner/test:932:9)
      at async startSubtestAfterBootstrap (node:internal/test_runner/harness:297:3) {
    generatedMessage: true,
    code: 'ERR_ASSERTION',
    actual: 1,
    expected: 0,
    operator: 'strictEqual'
  }
