✔ PCM ring wraps and handles actual output quantum length (2.36025ms)
✔ underrun silence never advances media consumption (1.525ms)
✔ pause and generation reset suppress queued stale PCM (1.05ms)
✔ closed output processor releases its processing lifetime (0.373958ms)
✔ 64-bit positions and bounded LRU (208.010958ms)
✔ reject ignore-range (4.378459ms)
✔ reject bad-range (3.687333ms)
✔ reject encoded (3.548125ms)
✔ reject forbidden (2.089834ms)
✔ representation changes are terminal (5.170666ms)
✔ recover truncate without false EOF (76.38275ms)
✔ recover retry without false EOF (244.926584ms)
✔ 401 renewal and default redirect rejection (4288.653959ms)
✔ supersede blocked read and reuse source; close cancels (116.598083ms)
✔ ordinary 200 resource, relative URL, bounded reads and close accounting (18.571375ms)
✔ explicit range preserves absolute resource offsets and total size (0.845416ms)
✔ requested ranges reject 200, malformed ranges and changed lengths (0.871292ms)
✔ origin, protocol, embedded credentials and URL length are checked before fetch (0.667125ms)
✔ nested authorization refresh receives resource URL and updates only that request (1.325375ms)
✔ refresh cannot redirect credentials to an unapproved origin (0.53625ms)
✔ bounded transient HTTP retry and truncation recovery (303.872ms)
✔ unknown-length bodies cannot exceed media resource cap (2.251041ms)
✔ aggregate retention limit is enforced across handles and reclaimed on close (11.537125ms)
✔ handle count is bounded independently of body size (1.451209ms)
✔ destroy cancels pending authorization and rejects stale completion (0.376125ms)
✔ epoch cancellation discards a response even if transport ignores abort (0.247166ms)
✔ manifest admission rejects live, encrypted and adaptive HLS (0.563416ms)
✔ DASH admission accepts fixed static and rejects live, adaptive, entities and multiple periods (0.726708ms)
✔ HLS subtitle policy admits one full-timeline resource and rejects segmented subtitles (2.138958ms)
ℹ tests 29
ℹ suites 0
ℹ pass 29
ℹ fail 0
ℹ cancelled 0
ℹ skipped 0
ℹ todo 0
ℹ duration_ms 5306.49975
